<html>
<body>
<pre>
<h1>礦ision Build Log</h1>
<h2>Tool Versions:</h2>
IDE-Version: μVision V5.25.2.0
Copyright (C) 2018 ARM Ltd and ARM Germany GmbH. All rights reserved.
License Information: trhui dELL, 1, LIC=SDA0P-MMWM3-GK7BG-VPWJB-4DUAP-BHKZ9
 
Tool Versions:
Toolchain:       MDK-ARM Plus  Version: 5.25.2.0
Toolchain Path:  E:\ProgramApp\Keil_v5\ARM\ARMCC\Bin
C Compiler:      Armcc.exe V5.06 update 6 (build 750)
Assembler:       Armasm.exe V5.06 update 6 (build 750)
Linker/Locator:  ArmLink.exe V5.06 update 6 (build 750)
Library Manager: ArmAr.exe V5.06 update 6 (build 750)
Hex Converter:   FromElf.exe V5.06 update 6 (build 750)
CPU DLL:         SARMCM3.DLL V5.25.2.0
Dialog DLL:      DCM.DLL V1.17.1.0
Target DLL:      STLink\ST-LINKIII-KEIL_SWO.dll V3.0.1.0
Dialog DLL:      TCM.DLL V1.35.1.0
 
<h2>Project:</h2>
D:\Project\STM32project\Smart_watch\USER\Template.uvprojx
Project File Date:  06/07/2024

<h2>Output:</h2>
*** Using Compiler 'V5.06 update 6 (build 750)', folder: 'E:\ProgramApp\Keil_v5\ARM\ARMCC\Bin'
Rebuild target 'Template'
assembling startup_stm32f10x_md.s...
compiling core_cm3.c...
compiling stm32f10x_crc.c...
compiling stm32f10x_dac.c...
compiling misc.c...
compiling stm32f10x_adc.c...
compiling stm32f10x_dbgmcu.c...
compiling stm32f10x_bkp.c...
compiling stm32f10x_cec.c...
compiling stm32f10x_exti.c...
compiling stm32f10x_dma.c...
compiling stm32f10x_can.c...
compiling stm32f10x_flash.c...
compiling stm32f10x_fsmc.c...
compiling stm32f10x_gpio.c...
compiling stm32f10x_i2c.c...
compiling stm32f10x_pwr.c...
compiling stm32f10x_rtc.c...
compiling stm32f10x_iwdg.c...
compiling stm32f10x_spi.c...
compiling stm32f10x_rcc.c...
compiling stm32f10x_sdio.c...
compiling stm32f10x_usart.c...
compiling I2C.c...
compiling stm32f10x_tim.c...
compiling delay.c...
compiling stm32f10x_wwdg.c...
compiling usart.c...
compiling time.c...
compiling key.c...
compiling sys.c...
compiling system_stm32f10x.c...
compiling stm32f10x_it.c...
compiling Watch_display.c...
..\Software\Watch_display.c(95): warning:  #167-D: argument of type "uint8_t *" is incompatible with parameter of type "char *"
  	OLED_ShowString(20,3,YMD_Buff,OLED_8X16);	//显示年月日字符串
..\Software\Watch_display.c(96): warning:  #167-D: argument of type "uint8_t *" is incompatible with parameter of type "char *"
  	OLED_ShowString(30,23,Time_Buff,OLED_8X16);	//显示字符串时分秒
..\Software\Watch_display.c(98): warning:  #167-D: argument of type "uint8_t *" is incompatible with parameter of type "char *"
  	OLED_ShowString(64,43,Week,OLED_8X16);		//显示字符串6
..\Software\Watch_display.c: 3 warnings, 0 errors
compiling main.c...
compiling OLED_Data.c...
compiling Watch_Management.c...
compiling ds1302.c...
compiling ds18b20.c...
compiling xiic.c...
compiling max30102.c...
compiling algorithm.c...
compiling ADXL345.c...
compiling blood.c...
compiling OLED.c...
linking...
Program Size: Code=37486 RO-data=8462 RW-data=1192 ZI-data=11104  
FromELF: creating hex file...
"..\OBJ\Template.axf" - 0 Error(s), 3 Warning(s).

<h2>Software Packages used:</h2>

Package Vendor: Keil
                http://www.keil.com/pack/Keil.STM32F1xx_DFP.1.0.5.pack
                Keil.STM32F1xx_DFP.1.0.5
                STMicroelectronics STM32F1 Series Device Support, Drivers and Examples

<h2>Collection of Component include folders:</h2>
  .\RTE\_Template
  E:\ProgramApp\Keil_v5\ARM\PACK\Keil\STM32F1xx_DFP\1.0.5\Device\Include

<h2>Collection of Component Files used:</h2>
Build Time Elapsed:  00:00:04
</pre>
</body>
</html>
