Component: ARM Compiler 5.06 update 6 (build 750) Tool: armlink [4d35ed]

==============================================================================

Section Cross References

    startup_stm32f10x_md.o(STACK) refers (Special) to heapauxi.o(.text) for __use_two_region_memory
    startup_stm32f10x_md.o(HEAP) refers (Special) to heapauxi.o(.text) for __use_two_region_memory
    startup_stm32f10x_md.o(RESET) refers (Special) to heapauxi.o(.text) for __use_two_region_memory
    startup_stm32f10x_md.o(RESET) refers to startup_stm32f10x_md.o(STACK) for __initial_sp
    startup_stm32f10x_md.o(RESET) refers to startup_stm32f10x_md.o(.text) for Reset_Handler
    startup_stm32f10x_md.o(RESET) refers to stm32f10x_it.o(.text) for NMI_Handler
    startup_stm32f10x_md.o(RESET) refers to main.o(.text) for TIM2_IRQHandler
    startup_stm32f10x_md.o(RESET) refers to usart.o(.text) for USART1_IRQHandler
    startup_stm32f10x_md.o(.text) refers (Special) to heapauxi.o(.text) for __use_two_region_memory
    startup_stm32f10x_md.o(.text) refers to system_stm32f10x.o(.text) for SystemInit
    startup_stm32f10x_md.o(.text) refers to __main.o(!!!main) for __main
    startup_stm32f10x_md.o(.text) refers to startup_stm32f10x_md.o(HEAP) for Heap_Mem
    startup_stm32f10x_md.o(.text) refers to startup_stm32f10x_md.o(STACK) for Stack_Mem
    stm32f10x_adc.o(.text) refers to stm32f10x_rcc.o(.text) for RCC_APB2PeriphResetCmd
    stm32f10x_bkp.o(.text) refers to stm32f10x_rcc.o(.text) for RCC_BackupResetCmd
    stm32f10x_can.o(.text) refers to stm32f10x_rcc.o(.text) for RCC_APB1PeriphResetCmd
    stm32f10x_cec.o(.text) refers to stm32f10x_rcc.o(.text) for RCC_APB1PeriphResetCmd
    stm32f10x_dac.o(.text) refers to stm32f10x_rcc.o(.text) for RCC_APB1PeriphResetCmd
    stm32f10x_gpio.o(.text) refers to stm32f10x_rcc.o(.text) for RCC_APB2PeriphResetCmd
    stm32f10x_i2c.o(.text) refers to stm32f10x_rcc.o(.text) for RCC_APB1PeriphResetCmd
    stm32f10x_pwr.o(.text) refers to stm32f10x_rcc.o(.text) for RCC_APB1PeriphResetCmd
    stm32f10x_rcc.o(.text) refers to stm32f10x_rcc.o(.data) for APBAHBPrescTable
    stm32f10x_spi.o(.text) refers to stm32f10x_rcc.o(.text) for RCC_APB2PeriphResetCmd
    stm32f10x_tim.o(.text) refers to stm32f10x_rcc.o(.text) for RCC_APB2PeriphResetCmd
    stm32f10x_usart.o(.text) refers to stm32f10x_rcc.o(.text) for RCC_APB2PeriphResetCmd
    stm32f10x_wwdg.o(.text) refers to stm32f10x_rcc.o(.text) for RCC_APB1PeriphResetCmd
    delay.o(.text) refers to misc.o(.text) for SysTick_CLKSourceConfig
    delay.o(.text) refers to system_stm32f10x.o(.data) for SystemCoreClock
    delay.o(.text) refers to delay.o(.data) for fac_us
    usart.o(.text) refers to stm32f10x_rcc.o(.text) for RCC_APB2PeriphClockCmd
    usart.o(.text) refers to stm32f10x_gpio.o(.text) for GPIO_Init
    usart.o(.text) refers to stm32f10x_usart.o(.text) for USART_Init
    usart.o(.text) refers to misc.o(.text) for NVIC_Init
    usart.o(.text) refers to vsnprintf.o(.text) for vsnprintf
    key.o(.text) refers to stm32f10x_rcc.o(.text) for RCC_APB2PeriphClockCmd
    key.o(.text) refers to stm32f10x_gpio.o(.text) for GPIO_Init
    key.o(.text) refers to delay.o(.text) for delay_ms
    time.o(.text) refers to stm32f10x_rcc.o(.text) for RCC_APB1PeriphClockCmd
    time.o(.text) refers to stm32f10x_tim.o(.text) for TIM_InternalClockConfig
    time.o(.text) refers to misc.o(.text) for NVIC_PriorityGroupConfig
    main.o(.text) refers to delay.o(.text) for delay_init
    main.o(.text) refers to oled.o(.text) for OLED_Init
    main.o(.text) refers to key.o(.text) for key_init
    main.o(.text) refers to usart.o(.text) for Usart1_Init
    main.o(.text) refers to ds18b20.o(.text) for DS18B20_Init
    main.o(.text) refers to adxl345.o(.text) for Init_ADXL345
    main.o(.text) refers to time.o(.text) for Timer_Init
    main.o(.text) refers to xiic.o(.text) for IIC_GPIO_INIT
    main.o(.text) refers to max30102.o(.text) for MAX30102_GPIO
    main.o(.text) refers to watch_management.o(.text) for key_switch_first
    main.o(.text) refers to watch_display.o(.text) for Display
    main.o(.text) refers to stm32f10x_tim.o(.text) for TIM_GetITStatus
    main.o(.text) refers to adxl345.o(.data) for temp_Z
    system_stm32f10x.o(.text) refers to system_stm32f10x.o(.data) for SystemCoreClock
    watch_display.o(.text) refers to oled.o(.text) for OLED_Clear
    watch_display.o(.text) refers to ds1302.o(.text) for DS1302Write
    watch_display.o(.text) refers to stm32f10x_tim.o(.text) for TIM_Cmd
    watch_display.o(.text) refers to adxl345.o(.text) for ReadData_x
    watch_display.o(.text) refers to usart.o(.text) for UsartPrintf
    watch_display.o(.text) refers to stm32f10x_gpio.o(.text) for GPIO_ReadInputDataBit
    watch_display.o(.text) refers to key.o(.text) for key_scan
    watch_display.o(.text) refers to ds1302.o(.data) for TIME
    watch_display.o(.text) refers to watch_management.o(.data) for watck_clock_swtich
[...]
    __rt_lib_shutdown_return                 0x08000253   Thumb Code     0  libshutdown2.o(.ARM.Collect$$libshutdown$$00000010)
    __rt_lib_shutdown_signal_1               0x08000253   Thumb Code     0  libshutdown2.o(.ARM.Collect$$libshutdown$$0000000A)
    __rt_lib_shutdown_stdio_1                0x08000253   Thumb Code     0  libshutdown2.o(.ARM.Collect$$libshutdown$$00000004)
    __rt_lib_shutdown_user_alloc_1           0x08000253   Thumb Code     0  libshutdown2.o(.ARM.Collect$$libshutdown$$0000000C)
    __rt_entry                               0x08000255   Thumb Code     0  __rtentry.o(.ARM.Collect$$rtentry$$00000000)
    __rt_entry_presh_1                       0x08000255   Thumb Code     0  __rtentry2.o(.ARM.Collect$$rtentry$$00000002)
    __rt_entry_sh                            0x08000255   Thumb Code     0  __rtentry4.o(.ARM.Collect$$rtentry$$00000004)
    __rt_entry_li                            0x0800025b   Thumb Code     0  __rtentry2.o(.ARM.Collect$$rtentry$$0000000A)
    __rt_entry_postsh_1                      0x0800025b   Thumb Code     0  __rtentry2.o(.ARM.Collect$$rtentry$$00000009)
    __rt_entry_main                          0x0800025f   Thumb Code     0  __rtentry2.o(.ARM.Collect$$rtentry$$0000000D)
    __rt_entry_postli_1                      0x0800025f   Thumb Code     0  __rtentry2.o(.ARM.Collect$$rtentry$$0000000C)
    __rt_exit                                0x08000267   Thumb Code     0  rtexit.o(.ARM.Collect$$rtexit$$00000000)
    __rt_exit_ls                             0x08000269   Thumb Code     0  rtexit2.o(.ARM.Collect$$rtexit$$00000003)
    __rt_exit_prels_1                        0x08000269   Thumb Code     0  rtexit2.o(.ARM.Collect$$rtexit$$00000002)
    __rt_exit_exit                           0x0800026d   Thumb Code     0  rtexit2.o(.ARM.Collect$$rtexit$$00000004)
    Reset_Handler                            0x08000275   Thumb Code     8  startup_stm32f10x_md.o(.text)
    ADC1_2_IRQHandler                        0x0800028f   Thumb Code     0  startup_stm32f10x_md.o(.text)
    CAN1_RX1_IRQHandler                      0x0800028f   Thumb Code     0  startup_stm32f10x_md.o(.text)
    CAN1_SCE_IRQHandler                      0x0800028f   Thumb Code     0  startup_stm32f10x_md.o(.text)
    DMA1_Channel1_IRQHandler                 0x0800028f   Thumb Code     0  startup_stm32f10x_md.o(.text)
    DMA1_Channel2_IRQHandler                 0x0800028f   Thumb Code     0  startup_stm32f10x_md.o(.text)
    DMA1_Channel3_IRQHandler                 0x0800028f   Thumb Code     0  startup_stm32f10x_md.o(.text)
    DMA1_Channel4_IRQHandler                 0x0800028f   Thumb Code     0  startup_stm32f10x_md.o(.text)
    DMA1_Channel5_IRQHandler                 0x0800028f   Thumb Code     0  startup_stm32f10x_md.o(.text)
    DMA1_Channel6_IRQHandler                 0x0800028f   Thumb Code     0  startup_stm32f10x_md.o(.text)
    DMA1_Channel7_IRQHandler                 0x0800028f   Thumb Code     0  startup_stm32f10x_md.o(.text)
    EXTI0_IRQHandler                         0x0800028f   Thumb Code     0  startup_stm32f10x_md.o(.text)
    EXTI15_10_IRQHandler                     0x0800028f   Thumb Code     0  startup_stm32f10x_md.o(.text)
    EXTI1_IRQHandler                         0x0800028f   Thumb Code     0  startup_stm32f10x_md.o(.text)
    EXTI2_IRQHandler                         0x0800028f   Thumb Code     0  startup_stm32f10x_md.o(.text)
    EXTI3_IRQHandler                         0x0800028f   Thumb Code     0  startup_stm32f10x_md.o(.text)
    EXTI4_IRQHandler                         0x0800028f   Thumb Code     0  startup_stm32f10x_md.o(.text)
    EXTI9_5_IRQHandler                       0x0800028f   Thumb Code     0  startup_stm32f10x_md.o(.text)
    FLASH_IRQHandler                         0x0800028f   Thumb Code     0  startup_stm32f10x_md.o(.text)
    I2C1_ER_IRQHandler                       0x0800028f   Thumb Code     0  startup_stm32f10x_md.o(.text)
    I2C1_EV_IRQHandler                       0x0800028f   Thumb Code     0  startup_stm32f10x_md.o(.text)
    I2C2_ER_IRQHandler                       0x0800028f   Thumb Code     0  startup_stm32f10x_md.o(.text)
    I2C2_EV_IRQHandler                       0x0800028f   Thumb Code     0  startup_stm32f10x_md.o(.text)
    PVD_IRQHandler                           0x0800028f   Thumb Code     0  startup_stm32f10x_md.o(.text)
    RCC_IRQHandler                           0x0800028f   Thumb Code     0  startup_stm32f10x_md.o(.text)
    RTCAlarm_IRQHandler                      0x0800028f   Thumb Code     0  startup_stm32f10x_md.o(.text)
    RTC_IRQHandler                           0x0800028f   Thumb Code     0  startup_stm32f10x_md.o(.text)
    SPI1_IRQHandler                          0x0800028f   Thumb Code     0  startup_stm32f10x_md.o(.text)
    SPI2_IRQHandler                          0x0800028f   Thumb Code     0  startup_stm32f10x_md.o(.text)
    TAMPER_IRQHandler                        0x0800028f   Thumb Code     0  startup_stm32f10x_md.o(.text)
    TIM1_BRK_IRQHandler                      0x0800028f   Thumb Code     0  startup_stm32f10x_md.o(.text)
    TIM1_CC_IRQHandler                       0x0800028f   Thumb Code     0  startup_stm32f10x_md.o(.text)
    TIM1_TRG_COM_IRQHandler                  0x0800028f   Thumb Code     0  startup_stm32f10x_md.o(.text)
    TIM1_UP_IRQHandler                       0x0800028f   Thumb Code     0  startup_stm32f10x_md.o(.text)
    TIM3_IRQHandler                          0x0800028f   Thumb Code     0  startup_stm32f10x_md.o(.text)
    TIM4_IRQHandler                          0x0800028f   Thumb Code     0  startup_stm32f10x_md.o(.text)
    USART2_IRQHandler                        0x0800028f   Thumb Code     0  startup_stm32f10x_md.o(.text)
    USART3_IRQHandler                        0x0800028f   Thumb Code     0  startup_stm32f10x_md.o(.text)
    USBWakeUp_IRQHandler                     0x0800028f   Thumb Code     0  startup_stm32f10x_md.o(.text)
    USB_HP_CAN1_TX_IRQHandler                0x0800028f   Thumb Code     0  startup_stm32f10x_md.o(.text)
    USB_LP_CAN1_RX0_IRQHandler               0x0800028f   Thumb Code     0  startup_stm32f10x_md.o(.text)
    WWDG_IRQHandler                          0x0800028f   Thumb Code     0  startup_stm32f10x_md.o(.text)
    __user_initial_stackheap                 0x08000291   Thumb Code     0  startup_stm32f10x_md.o(.text)
    NVIC_PriorityGroupConfig                 0x080002b5   Thumb Code    10  misc.o(.text)
    NVIC_Init                                0x080002bf   Thumb Code   100  misc.o(.text)
    NVIC_SetVectorTable                      0x08000323   Thumb Code    14  misc.o(.text)
    NVIC_SystemLPConfig                      0x08000331   Thumb Code    34  misc.o(.text)
    SysTick_CLKSourceConfig                  0x08000353   Thumb Code    40  misc.o(.text)
    GPIO_DeInit                              0x08000391   Thumb Code   172  stm32f10x_gpio.o(.text)
    GPIO_AFIODeInit                          0x0800043d   Thumb Code    20  stm32f10x_gpio.o(.text)
    GPIO_Init                                0x08000451   Thumb Code   278  stm32f10x_gpio.o(.text)
    GPIO_StructInit                          0x08000567   Thumb Code    16  stm32f10x_gpio.o(.text)
    GPIO_ReadInputDataBit                    0x08000577   Thumb Code    18  stm32f10x_gpio.o(.text)
    GPIO_ReadInputData                       0x08000589   Thumb Code     8  stm32f10x_gpio.o(.text)
    GPIO_ReadOutputDataBit                   0x08000591   Thumb Code    18  stm32f10x_gpio.o(.text)
    GPIO_ReadOutputData                      0x080005a3   Thumb Code     8  stm32f10x_gpio.o(.text)
    GPIO_SetBits                             0x080005ab   Thumb Code     4  stm32f10x_gpio.o(.text)
    GPIO_ResetBits                           0x080005af   Thumb Code     4  stm32f10x_gpio.o(.text)
    GPIO_WriteBit                            0x080005b3   Thumb Code    10  stm32f10x_gpio.o(.text)
    GPIO_Write                               0x080005bd   Thumb Code     4  stm32f10x_gpio.o(.text)
    GPIO_PinLockConfig                       0x080005c1   Thumb Code    18  stm32f10x_gpio.o(.text)
    GPIO_EventOutputConfig                   0x080005d3   Thumb Code    26  stm32f10x_gpio.o(.text)
    GPIO_EventOutputCmd                      0x080005ed   Thumb Code     6  stm32f10x_gpio.o(.text)
    GPIO_PinRemapConfig                      0x080005f3   Thumb Code   138  stm32f10x_gpio.o(.text)
    GPIO_EXTILineConfig                      0x0800067d   Thumb Code    66  stm32f10x_gpio.o(.text)
    GPIO_ETH_MediaInterfaceConfig            0x080006bf   Thumb Code     8  stm32f10x_gpio.o(.text)
    RCC_DeInit                               0x080006ed   Thumb Code    64  stm32f10x_rcc.o(.text)
    RCC_HSEConfig                            0x0800072d   Thumb Code    70  stm32f10x_rcc.o(.text)
    RCC_GetFlagStatus                        0x08000773   Thumb Code    56  stm32f10x_rcc.o(.text)
    RCC_WaitForHSEStartUp                    0x080007ab   Thumb Code    56  stm32f10x_rcc.o(.text)
    RCC_AdjustHSICalibrationValue            0x080007e3   Thumb Code    20  stm32f10x_rcc.o(.text)
    RCC_HSICmd                               0x080007f7   Thumb Code     6  stm32f10x_rcc.o(.text)
    RCC_PLLConfig                            0x080007fd   Thumb Code    24  stm32f10x_rcc.o(.text)
    RCC_PLLCmd                               0x08000815   Thumb Code     6  stm32f10x_rcc.o(.text)
    RCC_SYSCLKConfig                         0x0800081b   Thumb Code    18  stm32f10x_rcc.o(.text)
    RCC_GetSYSCLKSource                      0x0800082d   Thumb Code    10  stm32f10x_rcc.o(.text)
    RCC_HCLKConfig                           0x08000837   Thumb Code    18  stm32f10x_rcc.o(.text)
    RCC_PCLK1Config                          0x08000849   Thumb Code    18  stm32f10x_rcc.o(.text)
    RCC_PCLK2Config                          0x0800085b   Thumb Code    20  stm32f10x_rcc.o(.text)
    RCC_ITConfig                             0x0800086f   Thumb Code    26  stm32f10x_rcc.o(.text)
    RCC_USBCLKConfig                         0x08000889   Thumb Code     8  stm32f10x_rcc.o(.text)
    RCC_ADCCLKConfig                         0x08000891   Thumb Code    18  stm32f10x_rcc.o(.text)
    RCC_LSEConfig                            0x080008a3   Thumb Code    50  stm32f10x_rcc.o(.text)
    RCC_LSICmd                               0x080008d5   Thumb Code     6  stm32f10x_rcc.o(.text)
    RCC_RTCCLKConfig                         0x080008db   Thumb Code    12  stm32f10x_rcc.o(.text)
    RCC_RTCCLKCmd                            0x080008e7   Thumb Code     8  stm32f10x_rcc.o(.text)
    RCC_GetClocksFreq                        0x080008ef   Thumb Code   192  stm32f10x_rcc.o(.text)
    RCC_AHBPeriphClockCmd                    0x080009af   Thumb Code    26  stm32f10x_rcc.o(.text)
    RCC_APB2PeriphClockCmd                   0x080009c9   Thumb Code    26  stm32f10x_rcc.o(.text)
    RCC_APB1PeriphClockCmd                   0x080009e3   Thumb Code    26  stm32f10x_rcc.o(.text)
    RCC_APB2PeriphResetCmd                   0x080009fd   Thumb Code    26  stm32f10x_rcc.o(.text)
    RCC_APB1PeriphResetCmd                   0x08000a17   Thumb Code    26  stm32f10x_rcc.o(.text)
    RCC_BackupResetCmd                       0x08000a31   Thumb Code     8  stm32f10x_rcc.o(.text)
    RCC_ClockSecuritySystemCmd               0x08000a39   Thumb Code     6  stm32f10x_rcc.o(.text)
    RCC_MCOConfig                            0x08000a3f   Thumb Code     6  stm32f10x_rcc.o(.text)
    RCC_ClearFlag                            0x08000a45   Thumb Code    14  stm32f10x_rcc.o(.text)
    RCC_GetITStatus                          0x08000a53   Thumb Code    20  stm32f10x_rcc.o(.text)
    RCC_ClearITPendingBit                    0x08000a67   Thumb Code     6  stm32f10x_rcc.o(.text)
    TIM_DeInit                               0x08000a91   Thumb Code   424  stm32f10x_tim.o(.text)
    TIM_TimeBaseInit                         0x08000c39   Thumb Code   122  stm32f10x_tim.o(.text)
    TIM_OC1Init                              0x08000cb3   Thumb Code   132  stm32f10x_tim.o(.text)
    TIM_OC2Init                              0x08000d37   Thumb Code   154  stm32f10x_tim.o(.text)
    TIM_OC3Init                              0x08000dd1   Thumb Code   150  stm32f10x_tim.o(.text)
    TIM_OC4Init                              0x08000e67   Thumb Code   182  stm32f10x_tim.o(.text)
    TIM_SetIC4Prescaler                      0x08000f1d   Thumb Code    26  stm32f10x_tim.o(.text)
    TIM_SetIC3Prescaler                      0x08000fb9   Thumb Code    18  stm32f10x_tim.o(.text)
    TIM_SetIC2Prescaler                      0x08001045   Thumb Code    26  stm32f10x_tim.o(.text)
    TIM_SetIC1Prescaler                      0x080010e1   Thumb Code    18  stm32f10x_tim.o(.text)
    TIM_ICInit                               0x0800115f   Thumb Code   150  stm32f10x_tim.o(.text)
    TIM_PWMIConfig                           0x080011f5   Thumb Code   124  stm32f10x_tim.o(.text)
    TIM_BDTRConfig                           0x08001271   Thumb Code    32  stm32f10x_tim.o(.text)
    TIM_TimeBaseStructInit                   0x08001291   Thumb Code    18  stm32f10x_tim.o(.text)
    TIM_OCStructInit                         0x080012a3   Thumb Code    20  stm32f10x_tim.o(.text)
    TIM_ICStructInit                         0x080012b7   Thumb Code    18  stm32f10x_tim.o(.text)
    TIM_BDTRStructInit                       0x080012c9   Thumb Code    40  stm32f10x_tim.o(.text)
    TIM_Cmd                                  0x080012f1   Thumb Code    24  stm32f10x_tim.o(.text)
    TIM_CtrlPWMOutputs                       0x08001309   Thumb Code    30  stm32f10x_tim.o(.text)
    TIM_ITConfig                             0x08001327   Thumb Code    18  stm32f10x_tim.o(.text)
    TIM_GenerateEvent                        0x08001339   Thumb Code     4  stm32f10x_tim.o(.text)
    TIM_DMAConfig                            0x0800133d   Thumb Code    10  stm32f10x_tim.o(.text)
    TIM_DMACmd                               0x08001347   Thumb Code    18  stm32f10x_tim.o(.text)
    TIM_InternalClockConfig                  0x08001359   Thumb Code    12  stm32f10x_tim.o(.text)
    TIM_SelectInputTrigger                   0x08001365   Thumb Code    18  stm32f10x_tim.o(.text)
    TIM_ITRxExternalClockConfig              0x08001377   Thumb Code    24  stm32f10x_tim.o(.text)
    TIM_TIxExternalClockConfig               0x0800138f   Thumb Code    62  stm32f10x_tim.o(.text)
    TIM_ETRConfig                            0x080013cd   Thumb Code    28  stm32f10x_tim.o(.text)
    TIM_ETRClockMode1Config                  0x080013e9   Thumb Code    54  stm32f10x_tim.o(.text)
    TIM_ETRClockMode2Config                  0x0800141f   Thumb Code    32  stm32f10x_tim.o(.text)
    TIM_PrescalerConfig                      0x0800143f   Thumb Code     6  stm32f10x_tim.o(.text)
    TIM_CounterModeConfig                    0x08001445   Thumb Code    18  stm32f10x_tim.o(.text)
    TIM_EncoderInterfaceConfig               0x08001457   Thumb Code    66  stm32f10x_tim.o(.text)
    TIM_ForcedOC1Config                      0x08001499   Thumb Code    18  stm32f10x_tim.o(.text)
    TIM_ForcedOC2Config                      0x080014ab   Thumb Code    26  stm32f10x_tim.o(.text)
    TIM_ForcedOC3Config                      0x080014c5   Thumb Code    18  stm32f10x_tim.o(.text)
    TIM_ForcedOC4Config                      0x080014d7   Thumb Code    26  stm32f10x_tim.o(.text)
    TIM_ARRPreloadConfig                     0x080014f1   Thumb Code    24  stm32f10x_tim.o(.text)
    TIM_SelectCOM                            0x08001509   Thumb Code    24  stm32f10x_tim.o(.text)
    TIM_SelectCCDMA                          0x08001521   Thumb Code    24  stm32f10x_tim.o(.text)
    TIM_CCPreloadControl                     0x08001539   Thumb Code    24  stm32f10x_tim.o(.text)
    TIM_OC1PreloadConfig                     0x08001551   Thumb Code    18  stm32f10x_tim.o(.text)
    TIM_OC2PreloadConfig                     0x08001563   Thumb Code    26  stm32f10x_tim.o(.text)
    TIM_OC3PreloadConfig                     0x0800157d   Thumb Code    18  stm32f10x_tim.o(.text)
    TIM_OC4PreloadConfig                     0x0800158f   Thumb Code    26  stm32f10x_tim.o(.text)
    TIM_OC1FastConfig                        0x080015a9   Thumb Code    18  stm32f10x_tim.o(.text)
    TIM_OC2FastConfig                        0x080015bb   Thumb Code    26  stm32f10x_tim.o(.text)
    TIM_OC3FastConfig                        0x080015d5   Thumb Code    18  stm32f10x_tim.o(.text)
    TIM_OC4FastConfig                        0x080015e7   Thumb Code    26  stm32f10x_tim.o(.text)
    TIM_ClearOC1Ref                          0x08001601   Thumb Code    18  stm32f10x_tim.o(.text)
    TIM_ClearOC2Ref                          0x08001613   Thumb Code    24  stm32f10x_tim.o(.text)
    TIM_ClearOC3Ref                          0x0800162b   Thumb Code    18  stm32f10x_tim.o(.text)
    TIM_ClearOC4Ref                          0x0800163d   Thumb Code    24  stm32f10x_tim.o(.text)
    TIM_OC1PolarityConfig                    0x08001655   Thumb Code    18  stm32f10x_tim.o(.text)
    TIM_OC1NPolarityConfig                   0x08001667   Thumb Code    18  stm32f10x_tim.o(.text)
    TIM_OC2PolarityConfig                    0x08001679   Thumb Code    26  stm32f10x_tim.o(.text)
    TIM_OC2NPolarityConfig                   0x08001693   Thumb Code    26  stm32f10x_tim.o(.text)
    TIM_OC3PolarityConfig                    0x080016ad   Thumb Code    26  stm32f10x_tim.o(.text)
    TIM_OC3NPolarityConfig                   0x080016c7   Thumb Code    26  stm32f10x_tim.o(.text)
    TIM_OC4PolarityConfig                    0x080016e1   Thumb Code    26  stm32f10x_tim.o(.text)
    TIM_CCxCmd                               0x080016fb   Thumb Code    30  stm32f10x_tim.o(.text)
    TIM_CCxNCmd                              0x08001719   Thumb Code    30  stm32f10x_tim.o(.text)
    TIM_SelectOCxM                           0x08001737   Thumb Code    82  stm32f10x_tim.o(.text)
    TIM_UpdateDisableConfig                  0x08001789   Thumb Code    24  stm32f10x_tim.o(.text)
    TIM_UpdateRequestConfig                  0x080017a1   Thumb Code    24  stm32f10x_tim.o(.text)
    TIM_SelectHallSensor                     0x080017b9   Thumb Code    24  stm32f10x_tim.o(.text)
    TIM_SelectOnePulseMode                   0x080017d1   Thumb Code    18  stm32f10x_tim.o(.text)
    TIM_SelectOutputTrigger                  0x080017e3   Thumb Code    18  stm32f10x_tim.o(.text)
    TIM_SelectSlaveMode                      0x080017f5   Thumb Code    18  stm32f10x_tim.o(.text)
    TIM_SelectMasterSlaveMode                0x08001807   Thumb Code    18  stm32f10x_tim.o(.text)
    TIM_SetCounter                           0x08001819   Thumb Code     4  stm32f10x_tim.o(.text)
    TIM_SetAutoreload                        0x0800181d   Thumb Code     4  stm32f10x_tim.o(.text)
    TIM_SetCompare1                          0x08001821   Thumb Code     4  stm32f10x_tim.o(.text)
    TIM_SetCompare2                          0x08001825   Thumb Code     4  stm32f10x_tim.o(.text)
    TIM_SetCompare3                          0x08001829   Thumb Code     4  stm32f10x_tim.o(.text)
    TIM_SetCompare4                          0x0800182d   Thumb Code     6  stm32f10x_tim.o(.text)
    TIM_SetClockDivision                     0x08001833   Thumb Code    18  stm32f10x_tim.o(.text)
    TIM_GetCapture1                          0x08001845   Thumb Code     6  stm32f10x_tim.o(.text)
    TIM_GetCapture2                          0x0800184b   Thumb Code     6  stm32f10x_tim.o(.text)
    TIM_GetCapture3                          0x08001851   Thumb Code     6  stm32f10x_tim.o(.text)
    TIM_GetCapture4                          0x08001857   Thumb Code     8  stm32f10x_tim.o(.text)
    TIM_GetCounter                           0x0800185f   Thumb Code     6  stm32f10x_tim.o(.text)
    TIM_GetPrescaler                         0x08001865   Thumb Code     6  stm32f10x_tim.o(.text)
    TIM_GetFlagStatus                        0x0800186b   Thumb Code    18  stm32f10x_tim.o(.text)
    TIM_ClearFlag                            0x0800187d   Thumb Code     6  stm32f10x_tim.o(.text)
    TIM_GetITStatus                          0x08001883   Thumb Code    34  stm32f10x_tim.o(.text)
    TIM_ClearITPendingBit                    0x080018a5   Thumb Code     6  stm32f10x_tim.o(.text)
    USART_DeInit                             0x080018ad   Thumb Code   134  stm32f10x_usart.o(.text)
    USART_Init                               0x08001933   Thumb Code   210  stm32f10x_usart.o(.text)
    USART_StructInit                         0x08001a05   Thumb Code    24  stm32f10x_usart.o(.text)
    USART_ClockInit                          0x08001a1d   Thumb Code    34  stm32f10x_usart.o(.text)
    USART_ClockStructInit                    0x08001a3f   Thumb Code    12  stm32f10x_usart.o(.text)
    USART_Cmd                                0x08001a4b   Thumb Code    24  stm32f10x_usart.o(.text)
    USART_ITConfig                           0x08001a63   Thumb Code    74  stm32f10x_usart.o(.text)
    USART_DMACmd                             0x08001aad   Thumb Code    18  stm32f10x_usart.o(.text)
    USART_SetAddress                         0x08001abf   Thumb Code    18  stm32f10x_usart.o(.text)
    USART_WakeUpConfig                       0x08001ad1   Thumb Code    18  stm32f10x_usart.o(.text)
    USART_ReceiverWakeUpCmd                  0x08001ae3   Thumb Code    24  stm32f10x_usart.o(.text)
    USART_LINBreakDetectLengthConfig         0x08001afb   Thumb Code    18  stm32f10x_usart.o(.text)
    USART_LINCmd                             0x08001b0d   Thumb Code    24  stm32f10x_usart.o(.text)
    USART_SendData                           0x08001b25   Thumb Code     8  stm32f10x_usart.o(.text)
    USART_ReceiveData                        0x08001b2d   Thumb Code    10  stm32f10x_usart.o(.text)
    USART_SendBreak                          0x08001b37   Thumb Code    10  stm32f10x_usart.o(.text)
    USART_SetGuardTime                       0x08001b41   Thumb Code    16  stm32f10x_usart.o(.text)
    USART_SetPrescaler                       0x08001b51   Thumb Code    16  stm32f10x_usart.o(.text)
    USART_SmartCardCmd                       0x08001b61   Thumb Code    24  stm32f10x_usart.o(.text)
    USART_SmartCardNACKCmd                   0x08001b79   Thumb Code    24  stm32f10x_usart.o(.text)
    USART_HalfDuplexCmd                      0x08001b91   Thumb Code    24  stm32f10x_usart.o(.text)
    USART_OverSampling8Cmd                   0x08001ba9   Thumb Code    22  stm32f10x_usart.o(.text)
    USART_OneBitMethodCmd                    0x08001bbf   Thumb Code    24  stm32f10x_usart.o(.text)
    USART_IrDAConfig                         0x08001bd7   Thumb Code    18  stm32f10x_usart.o(.text)
    USART_IrDACmd                            0x08001be9   Thumb Code    24  stm32f10x_usart.o(.text)
    USART_GetFlagStatus                      0x08001c01   Thumb Code    26  stm32f10x_usart.o(.text)
    USART_ClearFlag                          0x08001c1b   Thumb Code    18  stm32f10x_usart.o(.text)
    USART_GetITStatus                        0x08001c2d   Thumb Code    84  stm32f10x_usart.o(.text)
    USART_ClearITPendingBit                  0x08001c81   Thumb Code    52  stm32f10x_usart.o(.text)
    delay_init                               0x08001cb5   Thumb Code    50  delay.o(.text)
    delay_us                                 0x08001ce7   Thumb Code    72  delay.o(.text)
    delay_ms                                 0x08001d2f   Thumb Code    72  delay.o(.text)
    Usart1_Init                              0x08001d89   Thumb Code   166  usart.o(.text)
    Usart2_Init                              0x08001e2f   Thumb Code   162  usart.o(.text)
    Usart_SendString                         0x08001ed1   Thumb Code    50  usart.o(.text)
    UsartPrintf                              0x08001f03   Thumb Code    72  usart.o(.text)
    USART1_IRQHandler                        0x08001f4b   Thumb Code    24  usart.o(.text)
    key_init                                 0x08001f71   Thumb Code    34  key.o(.text)
    key_scan                                 0x08001f93   Thumb Code    22  key.o(.text)
    Timer_Init                               0x08001fad   Thumb Code   128  time.o(.text)
    main                                     0x0800202d   Thumb Code    68  main.o(.text)
    TIM2_IRQHandler                          0x08002071   Thumb Code    32  main.o(.text)
    NMI_Handler                              0x08002095   Thumb Code     2  stm32f10x_it.o(.text)
    HardFault_Handler                        0x08002097   Thumb Code     4  stm32f10x_it.o(.text)
    MemManage_Handler                        0x0800209b   Thumb Code     4  stm32f10x_it.o(.text)
    BusFault_Handler                         0x0800209f   Thumb Code     4  stm32f10x_it.o(.text)
    UsageFault_Handler                       0x080020a3   Thumb Code     4  stm32f10x_it.o(.text)
    SVC_Handler                              0x080020a7   Thumb Code     2  stm32f10x_it.o(.text)
    DebugMon_Handler                         0x080020a9   Thumb Code     2  stm32f10x_it.o(.text)
    PendSV_Handler                           0x080020ab   Thumb Code     2  stm32f10x_it.o(.text)
    SysTick_Handler                          0x080020ad   Thumb Code     2  stm32f10x_it.o(.text)
    BASIC_TIM_IRQHandler                     0x080020af   Thumb Code     2  stm32f10x_it.o(.text)
    SystemInit                               0x0800218f   Thumb Code    78  system_stm32f10x.o(.text)
    SystemCoreClockUpdate                    0x080021dd   Thumb Code   142  system_stm32f10x.o(.text)
    display_test                             0x08002291   Thumb Code    24  watch_display.o(.text)
    DS1302_Time_Update                       0x080022a9   Thumb Code    44  watch_display.o(.text)
    display_clock_third                      0x080022d5   Thumb Code   468  watch_display.o(.text)
    display_step_second                      0x080024a9   Thumb Code   118  watch_display.o(.text)
    display_clock_second                     0x0800251f   Thumb Code   724  watch_display.o(.text)
    display_tmeperature_second               0x080027f3   Thumb Code   134  watch_display.o(.text)
    display_heart_second                     0x08002879   Thumb Code    38  watch_display.o(.text)
    display_watch_second                     0x0800289f   Thumb Code    66  watch_display.o(.text)
    display_step                             0x080028e1   Thumb Code    28  watch_display.o(.text)
    display_clock                            0x080028fd   Thumb Code    28  watch_display.o(.text)
    display_tmeperature                      0x08002919   Thumb Code    28  watch_display.o(.text)
    display_heart                            0x08002935   Thumb Code    28  watch_display.o(.text)
    display_watch                            0x08002951   Thumb Code    40  watch_display.o(.text)
    Display                                  0x08002979   Thumb Code   190  watch_display.o(.text)
    change_first                             0x08002ad5   Thumb Code    40  watch_management.o(.text)
    key_switch_first                         0x08002afd   Thumb Code  1302  watch_management.o(.text)
    OLED_W_SCL                               0x08003025   Thumb Code    18  oled.o(.text)
    OLED_W_SDA                               0x08003037   Thumb Code    18  oled.o(.text)
    OLED_GPIO_Init                           0x08003049   Thumb Code    92  oled.o(.text)
    OLED_I2C_Start                           0x080030a5   Thumb Code    28  oled.o(.text)
    OLED_I2C_Stop                            0x080030c1   Thumb Code    22  oled.o(.text)
    OLED_I2C_SendByte                        0x080030d7   Thumb Code    62  oled.o(.text)
    OLED_WriteCommand                        0x08003115   Thumb Code    32  oled.o(.text)
    OLED_WriteData                           0x08003135   Thumb Code    46  oled.o(.text)
    OLED_SetCursor                           0x08003163   Thumb Code    34  oled.o(.text)
    OLED_Update                              0x08003185   Thumb Code    36  oled.o(.text)
    OLED_Clear                               0x080031a9   Thumb Code    36  oled.o(.text)
    OLED_Init                                0x080031cd   Thumb Code   154  oled.o(.text)
    OLED_Pow                                 0x08003267   Thumb Code    20  oled.o(.text)
    OLED_pnpoly                              0x0800327b   Thumb Code   140  oled.o(.text)
    OLED_IsInAngle                           0x08003307   Thumb Code   110  oled.o(.text)
    OLED_UpdateArea                          0x08003375   Thumb Code   120  oled.o(.text)
    OLED_ClearArea                           0x080033ed   Thumb Code   184  oled.o(.text)
    OLED_Reverse                             0x080034a5   Thumb Code    46  oled.o(.text)
    OLED_ReverseArea                         0x080034d3   Thumb Code   162  oled.o(.text)
    OLED_ShowImage                           0x08003575   Thumb Code   296  oled.o(.text)
    OLED_ShowChar                            0x0800369d   Thumb Code    74  oled.o(.text)
    OLED_ShowString                          0x080036e7   Thumb Code    46  oled.o(.text)
    OLED_ShowNum                             0x08003715   Thumb Code    76  oled.o(.text)
    OLED_ShowSignedNum                       0x08003761   Thumb Code   112  oled.o(.text)
    OLED_ShowHexNum                          0x080037d1   Thumb Code    96  oled.o(.text)
    OLED_ShowBinNum                          0x08003831   Thumb Code    70  oled.o(.text)
    OLED_ShowFloatNum                        0x08003877   Thumb Code   222  oled.o(.text)
    OLED_ShowChinese                         0x08003955   Thumb Code   148  oled.o(.text)
    OLED_Printf                              0x080039e9   Thumb Code    50  oled.o(.text)
    OLED_DrawPoint                           0x08003a1b   Thumb Code    74  oled.o(.text)
    OLED_GetPoint                            0x08003a65   Thumb Code    64  oled.o(.text)
    OLED_DrawLine                            0x08003aa5   Thumb Code   374  oled.o(.text)
    OLED_DrawRectangle                       0x08003c1b   Thumb Code   142  oled.o(.text)
    OLED_DrawTriangle                        0x08003ca9   Thumb Code   248  oled.o(.text)
    OLED_DrawCircle                          0x08003da1   Thumb Code   352  oled.o(.text)
    OLED_DrawEllipse                         0x08003f01   Thumb Code   806  oled.o(.text)
    OLED_DrawArc                             0x08004227   Thumb Code   624  oled.o(.text)
    DS1302_OUT_GPIO_INIT                     0x08004499   Thumb Code    40  ds1302.o(.text)
    DS1302_IN_GPIO_INIT                      0x080044c1   Thumb Code    40  ds1302.o(.text)
    Delay1us                                 0x080044e9   Thumb Code    10  ds1302.o(.text)
    DS1302Write                              0x080044f3   Thumb Code   202  ds1302.o(.text)
    DS1302Read                               0x080045bd   Thumb Code   246  ds1302.o(.text)
    DS1302Init                               0x080046b3   Thumb Code    44  ds1302.o(.text)
    DS1302ReadTime                           0x080046df   Thumb Code    28  ds1302.o(.text)
    DS1302_Time_Byte_Transform               0x080046fb   Thumb Code   314  ds1302.o(.text)
    DS18B20_Read_Byte                        0x08004965   Thumb Code    34  ds18b20.o(.text)
    DS18B20_Write_Byte                       0x08004987   Thumb Code    88  ds18b20.o(.text)
    DS18B20_Start                            0x080049df   Thumb Code    24  ds18b20.o(.text)
    DS18B20_Init                             0x080049f7   Thumb Code    16  ds18b20.o(.text)
    DS18B20_Get_Temp                         0x08004a07   Thumb Code   128  ds18b20.o(.text)
    Temp_Data_Transform                      0x08004a87   Thumb Code   112  ds18b20.o(.text)
    blood_data_update                        0x08004b11   Thumb Code   120  blood.o(.text)
    blood_data_translate                     0x08004b89   Thumb Code  1276  blood.o(.text)
    blood_Loop                               0x08005085   Thumb Code   222  blood.o(.text)
    IIC_GPIO_INIT                            0x0800520d   Thumb Code    52  xiic.o(.text)
    IIC_Delay                                0x08005241   Thumb Code    16  xiic.o(.text)
    IIC_Start                                0x08005251   Thumb Code    48  xiic.o(.text)
    IIC_Stop                                 0x08005281   Thumb Code    36  xiic.o(.text)
    IIC_Send_Byte                            0x080052a5   Thumb Code   134  xiic.o(.text)
    IIC_Receive_Byte                         0x0800532b   Thumb Code    62  xiic.o(.text)
    IIC_Write_Byte                           0x08005369   Thumb Code    74  xiic.o(.text)
    I2C_Ack                                  0x080053b3   Thumb Code    90  xiic.o(.text)
    IIC_Read_Byte                            0x0800540d   Thumb Code    90  xiic.o(.text)
    IIC_Write_Array                          0x08005467   Thumb Code   118  xiic.o(.text)
    IIC_Read_Array                           0x080054dd   Thumb Code   128  xiic.o(.text)
    MAX30102_GPIO                            0x08005565   Thumb Code    32  max30102.o(.text)
    Max30102_reset                           0x08005585   Thumb Code    22  max30102.o(.text)
    MAX30102_Config                          0x0800559b   Thumb Code   114  max30102.o(.text)
    max30102_read_fifo                       0x0800560d   Thumb Code   196  max30102.o(.text)
    my_floor                                 0x080056dd   Thumb Code    76  algorithm.o(.text)
    my_fmod                                  0x08005729   Thumb Code   152  algorithm.o(.text)
    XSin                                     0x080057c1   Thumb Code   488  algorithm.o(.text)
    XCos                                     0x080059a9   Thumb Code    30  algorithm.o(.text)
    qsqrt                                    0x080059c7   Thumb Code    48  algorithm.o(.text)
    EE                                       0x080059f7   Thumb Code    76  algorithm.o(.text)
    FFT                                      0x08005a43   Thumb Code   426  algorithm.o(.text)
    find_max_num_index                       0x08005bed   Thumb Code    50  algorithm.o(.text)
    dc_filter                                0x08005c1f   Thumb Code    66  algorithm.o(.text)
    bw_filter                                0x08005c61   Thumb Code    86  algorithm.o(.text)
    processAcceleration                      0x08005ccd   Thumb Code    36  adxl345.o(.text)
    SCL_Set_Output                           0x08005cf1   Thumb Code    28  adxl345.o(.text)
    SDA_Set_Output                           0x08005d0d   Thumb Code    30  adxl345.o(.text)
    SDA_Set_Input                            0x08005d2b   Thumb Code    30  adxl345.o(.text)
    ADXL345_Start                            0x08005d49   Thumb Code    56  adxl345.o(.text)
    ADXL345_Stop                             0x08005d81   Thumb Code    56  adxl345.o(.text)
    ADXL345_SendACK                          0x08005db9   Thumb Code    62  adxl345.o(.text)
    ADXL345_RecvACK                          0x08005df7   Thumb Code    80  adxl345.o(.text)
    ADXL345_SendByte                         0x08005e47   Thumb Code    92  adxl345.o(.text)
    ADXL345_RecvByte                         0x08005ea3   Thumb Code    84  adxl345.o(.text)
    Single_Write_ADXL345                     0x08005ef7   Thumb Code    34  adxl345.o(.text)
    Single_Read_ADXL345                      0x08005f19   Thumb Code    50  adxl345.o(.text)
    Multiple_Read_ADXL345                    0x08005f4b   Thumb Code    78  adxl345.o(.text)
    Init_ADXL345                             0x08005f99   Thumb Code    60  adxl345.o(.text)
    ReadData_x                               0x08005fd5   Thumb Code   150  adxl345.o(.text)
    vsprintf                                 0x08006091   Thumb Code    32  vsprintf.o(.text)
    vsnprintf                                0x080060b5   Thumb Code    48  vsnprintf.o(.text)
    strcmp                                   0x080060e9   Thumb Code   128  strcmpv7m.o(.text)
    __use_two_region_memory                  0x08006169   Thumb Code     2  heapauxi.o(.text)
    __rt_heap_escrow$2region                 0x0800616b   Thumb Code     2  heapauxi.o(.text)
    __rt_heap_expand$2region                 0x0800616d   Thumb Code     2  heapauxi.o(.text)
    __read_errno                             0x0800616f   Thumb Code    10  _rserrno.o(.text)
    __set_errno                              0x08006179   Thumb Code    12  _rserrno.o(.text)
    _printf_pre_padding                      0x08006185   Thumb Code    44  _printf_pad.o(.text)
    _printf_post_padding                     0x080061b1   Thumb Code    34  _printf_pad.o(.text)
    _printf_truncate_signed                  0x080061d3   Thumb Code    18  _printf_truncate.o(.text)
    _printf_truncate_unsigned                0x080061e5   Thumb Code    18  _printf_truncate.o(.text)
    _printf_str                              0x080061f7   Thumb Code    82  _printf_str.o(.text)
    _printf_int_dec                          0x08006249   Thumb Code   104  _printf_dec.o(.text)
    _printf_charcount                        0x080062c1   Thumb Code    40  _printf_charcount.o(.text)
    _printf_char_common                      0x080062f3   Thumb Code    32  _printf_char_common.o(.text)
    _sputc                                   0x08006319   Thumb Code    10  _sputc.o(.text)
    _snputc                                  0x08006323   Thumb Code    16  _snputc.o(.text)
    _printf_wctomb                           0x08006335   Thumb Code   182  _printf_wctomb.o(.text)
    _printf_longlong_dec                     0x080063f1   Thumb Code   108  _printf_longlong_dec.o(.text)
    _printf_longlong_oct                     0x0800646d   Thumb Code    66  _printf_oct_int_ll.o(.text)
    _printf_int_oct                          0x080064af   Thumb Code    24  _printf_oct_int_ll.o(.text)
    _printf_ll_oct                           0x080064c7   Thumb Code    12  _printf_oct_int_ll.o(.text)
    _printf_longlong_hex                     0x080064dd   Thumb Code    86  _printf_hex_int_ll_ptr.o(.text)
    _printf_int_hex                          0x08006533   Thumb Code    28  _printf_hex_int_ll_ptr.o(.text)
    _printf_ll_hex                           0x0800654f   Thumb Code    12  _printf_hex_int_ll_ptr.o(.text)
    _printf_hex_ptr                          0x0800655b   Thumb Code    18  _printf_hex_int_ll_ptr.o(.text)
    __printf                                 0x08006571   Thumb Code   388  __printf_flags_ss_wp.o(.text)
    __aeabi_errno_addr                       0x080066f9   Thumb Code     8  rt_errno_addr_intlibspace.o(.text)
    __errno$intlibspace                      0x080066f9   Thumb Code     0  rt_errno_addr_intlibspace.o(.text)
    __rt_errno_addr$intlibspace              0x080066f9   Thumb Code     0  rt_errno_addr_intlibspace.o(.text)
    _ll_udiv10                               0x08006701   Thumb Code   138  lludiv10.o(.text)
    _printf_int_common                       0x0800678b   Thumb Code   178  _printf_intcommon.o(.text)
    __lib_sel_fp_printf                      0x0800683d   Thumb Code     2  _printf_fp_dec.o(.text)
    _printf_fp_dec_real                      0x080069ef   Thumb Code   620  _printf_fp_dec.o(.text)
    _printf_fp_hex_real                      0x08006c5d   Thumb Code   756  _printf_fp_hex.o(.text)
    _printf_cs_common                        0x08006f59   Thumb Code    20  _printf_char.o(.text)
    _printf_char                             0x08006f6d   Thumb Code    16  _printf_char.o(.text)
    _printf_string                           0x08006f7d   Thumb Code     8  _printf_char.o(.text)
    _printf_lcs_common                       0x08006f85   Thumb Code    20  _printf_wchar.o(.text)
    _printf_wchar                            0x08006f99   Thumb Code    16  _printf_wchar.o(.text)
    _printf_wstring                          0x08006fa9   Thumb Code     8  _printf_wchar.o(.text)
    _wcrtomb                                 0x08006fb1   Thumb Code    64  _wcrtomb.o(.text)
    __user_libspace                          0x08006ff1   Thumb Code     8  libspace.o(.text)
    __user_perproc_libspace                  0x08006ff1   Thumb Code     0  libspace.o(.text)
    __user_perthread_libspace                0x08006ff1   Thumb Code     0  libspace.o(.text)
    __user_setup_stackheap                   0x08006ff9   Thumb Code    74  sys_stackheap_outer.o(.text)
    __rt_ctype_table                         0x08007045   Thumb Code    16  rt_ctype_table.o(.text)
    __rt_locale                              0x08007055   Thumb Code     8  rt_locale_intlibspace.o(.text)
    _printf_fp_infnan                        0x0800705d   Thumb Code   112  _printf_fp_infnan.o(.text)
    _btod_etento                             0x080070dd   Thumb Code   224  bigflt0.o(.text)
    exit                                     0x080071c1   Thumb Code    18  exit.o(.text)
    _sys_exit                                0x080071d5   Thumb Code     8  sys_exit.o(.text)
    __I$use$semihosting                      0x080071e1   Thumb Code     0  use_no_semi.o(.text)
    __use_no_semihosting_swi                 0x080071e1   Thumb Code     2  use_no_semi.o(.text)
    __semihosting_library_function           0x080071e3   Thumb Code     0  indicate_semi.o(.text)
    _btod_d2e                                0x080071e3   Thumb Code    62  btod.o(CL$$btod_d2e)
    _d2e_denorm_low                          0x08007221   Thumb Code    70  btod.o(CL$$btod_d2e_denorm_low)
    _d2e_norm_op1                            0x08007267   Thumb Code    96  btod.o(CL$$btod_d2e_norm_op1)
    __btod_div_common                        0x080072c7   Thumb Code   696  btod.o(CL$$btod_div_common)
    _e2e                                     0x080075ff   Thumb Code   220  btod.o(CL$$btod_e2e)
    _btod_ediv                               0x080076db   Thumb Code    42  btod.o(CL$$btod_ediv)
    _btod_emul                               0x08007705   Thumb Code    42  btod.o(CL$$btod_emul)
    __btod_mult_common                       0x0800772f   Thumb Code   580  btod.o(CL$$btod_mult_common)
    __ARM_fpclassify                         0x08007973   Thumb Code    40  fpclassify.o(i.__ARM_fpclassify)
    __kernel_poly                            0x0800799b   Thumb Code   170  poly.o(i.__kernel_poly)
    __mathlib_dbl_infnan                     0x08007a45   Thumb Code     6  dunder.o(i.__mathlib_dbl_infnan)
    __mathlib_dbl_infnan2                    0x08007a4b   Thumb Code     4  dunder.o(i.__mathlib_dbl_infnan2)
    __mathlib_dbl_underflow                  0x08007a51   Thumb Code    10  dunder.o(i.__mathlib_dbl_underflow)
    _is_digit                                0x08007a61   Thumb Code    14  __printf_wp.o(i._is_digit)
    atan                                     0x08007a71   Thumb Code   474  atan.o(i.atan)
    atan2                                    0x08007c91   Thumb Code   346  atan2.o(i.atan2)
    round                                    0x08007e11   Thumb Code   136  round.o(i.round)
    sqrtf                                    0x08007ea5   Thumb Code    44  sqrtf.o(i.sqrtf)
    _get_lc_numeric                          0x08007ed1   Thumb Code    44  lc_numeric_c.o(locale$$code)
    _get_lc_ctype                            0x08007efd   Thumb Code    44  lc_ctype_c.o(locale$$code)
    __aeabi_d2f                              0x08007f29   Thumb Code     0  d2f.o(x$fpl$d2f)
    _d2f                                     0x08007f29   Thumb Code    98  d2f.o(x$fpl$d2f)
    __aeabi_dadd                             0x08007f8d   Thumb Code     0  daddsub_clz.o(x$fpl$dadd)
    _dadd                                    0x08007f8d   Thumb Code   332  daddsub_clz.o(x$fpl$dadd)
    __fpl_dcheck_NaN1                        0x080080dd   Thumb Code    10  dcheck1.o(x$fpl$dcheck1)
    __fpl_dcmp_Inf                           0x080080ed   Thumb Code    24  dcmpi.o(x$fpl$dcmpinf)
    __aeabi_ddiv                             0x08008105   Thumb Code     0  ddiv.o(x$fpl$ddiv)
    _ddiv                                    0x08008105   Thumb Code   552  ddiv.o(x$fpl$ddiv)
    __aeabi_cdcmpeq                          0x080083b5   Thumb Code     0  deqf.o(x$fpl$deqf)
    _dcmpeq                                  0x080083b5   Thumb Code   120  deqf.o(x$fpl$deqf)
    __aeabi_d2iz                             0x0800842d   Thumb Code     0  dfix.o(x$fpl$dfix)
    _dfix                                    0x0800842d   Thumb Code    94  dfix.o(x$fpl$dfix)
    __aeabi_d2uiz                            0x0800848d   Thumb Code     0  dfixu.o(x$fpl$dfixu)
    _dfixu                                   0x0800848d   Thumb Code    90  dfixu.o(x$fpl$dfixu)
    __aeabi_i2d                              0x080084e7   Thumb Code     0  dflt_clz.o(x$fpl$dflt)
    _dflt                                    0x080084e7   Thumb Code    46  dflt_clz.o(x$fpl$dflt)
    __aeabi_ui2d                             0x08008515   Thumb Code     0  dflt_clz.o(x$fpl$dfltu)
    _dfltu                                   0x08008515   Thumb Code    38  dflt_clz.o(x$fpl$dfltu)
    __aeabi_cdcmple                          0x0800853d   Thumb Code     0  dleqf.o(x$fpl$dleqf)
    _dcmple                                  0x0800853d   Thumb Code   120  dleqf.o(x$fpl$dleqf)
    __fpl_dcmple_InfNaN                      0x0800859f   Thumb Code     0  dleqf.o(x$fpl$dleqf)
    __aeabi_dmul                             0x080085b5   Thumb Code     0  dmul.o(x$fpl$dmul)
    _dmul                                    0x080085b5   Thumb Code   332  dmul.o(x$fpl$dmul)
    __fpl_dnaninf                            0x08008709   Thumb Code   156  dnaninf.o(x$fpl$dnaninf)
    __fpl_dretinf                            0x080087a5   Thumb Code    12  dretinf.o(x$fpl$dretinf)
    __aeabi_cdrcmple                         0x080087b1   Thumb Code     0  drleqf.o(x$fpl$drleqf)
    _drcmple                                 0x080087b1   Thumb Code   108  drleqf.o(x$fpl$drleqf)
    _drnd                                    0x0800881d   Thumb Code   180  drnd.o(x$fpl$drnd)
    __aeabi_drsub                            0x080088d1   Thumb Code     0  daddsub_clz.o(x$fpl$drsb)
    _drsb                                    0x080088d1   Thumb Code    22  daddsub_clz.o(x$fpl$drsb)
    __aeabi_dsub                             0x080088e9   Thumb Code     0  daddsub_clz.o(x$fpl$dsub)
    _dsub                                    0x080088e9   Thumb Code   464  daddsub_clz.o(x$fpl$dsub)
    __aeabi_f2d                              0x08008abd   Thumb Code     0  f2d.o(x$fpl$f2d)
    _f2d                                     0x08008abd   Thumb Code    86  f2d.o(x$fpl$f2d)
    __aeabi_fadd                             0x08008b15   Thumb Code     0  faddsub_clz.o(x$fpl$fadd)
    _fadd                                    0x08008b15   Thumb Code   196  faddsub_clz.o(x$fpl$fadd)
    __fpl_fcmp_Inf                           0x08008bd9   Thumb Code    24  fcmpi.o(x$fpl$fcmpinf)
    __aeabi_fdiv                             0x08008bf1   Thumb Code     0  fdiv.o(x$fpl$fdiv)
    _fdiv                                    0x08008bf1   Thumb Code   384  fdiv.o(x$fpl$fdiv)
    __aeabi_f2iz                             0x08008d75   Thumb Code     0  ffix.o(x$fpl$ffix)
    _ffix                                    0x08008d75   Thumb Code    54  ffix.o(x$fpl$ffix)
    __aeabi_i2f                              0x08008dad   Thumb Code     0  fflt_clz.o(x$fpl$fflt)
    _fflt                                    0x08008dad   Thumb Code    48  fflt_clz.o(x$fpl$fflt)
    __aeabi_ui2f                             0x08008ddd   Thumb Code     0  fflt_clz.o(x$fpl$ffltu)
    _ffltu                                   0x08008ddd   Thumb Code    38  fflt_clz.o(x$fpl$ffltu)
    __aeabi_cfcmple                          0x08008e05   Thumb Code     0  fleqf.o(x$fpl$fleqf)
    _fcmple                                  0x08008e05   Thumb Code   104  fleqf.o(x$fpl$fleqf)
    __fpl_fcmple_InfNaN                      0x08008e57   Thumb Code     0  fleqf.o(x$fpl$fleqf)
    __aeabi_fmul                             0x08008e6d   Thumb Code     0  fmul.o(x$fpl$fmul)
    _fmul                                    0x08008e6d   Thumb Code   258  fmul.o(x$fpl$fmul)
    __fpl_fnaninf                            0x08008f6f   Thumb Code   140  fnaninf.o(x$fpl$fnaninf)
    __fpl_fretinf                            0x08008ffb   Thumb Code    10  fretinf.o(x$fpl$fretinf)
    __aeabi_cfrcmple                         0x08009005   Thumb Code     0  frleqf.o(x$fpl$frleqf)
    _frcmple                                 0x08009005   Thumb Code    98  frleqf.o(x$fpl$frleqf)
    _fsqrt                                   0x08009069   Thumb Code   272  fsqrt.o(x$fpl$fsqrt)
    __aeabi_fsub                             0x08009179   Thumb Code     0  faddsub_clz.o(x$fpl$fsub)
    _fsub                                    0x08009179   Thumb Code   234  faddsub_clz.o(x$fpl$fsub)
    _printf_fp_dec                           0x08009263   Thumb Code     4  printf1.o(x$fpl$printf1)
    _printf_fp_hex                           0x08009267   Thumb Code     4  printf2.o(x$fpl$printf2)
    __fpl_return_NaN                         0x0800926b   Thumb Code   100  retnan.o(x$fpl$retnan)
    __ARM_scalbn                             0x080092cf   Thumb Code    92  scalbn.o(x$fpl$scalbn)
    __fpl_cmpreturn                          0x0800932b   Thumb Code    48  trapv.o(x$fpl$trapveneer)
    OLED_F8x16                               0x0800935a   Data        1520  oled_data.o(.constdata)
    __I$use$fp                               0x0800935a   Number         0  usenofp.o(x$fpl$usenofp)
    OLED_F6x8                                0x0800994a   Data         570  oled_data.o(.constdata)
    OLED_CF16x16                             0x08009b84   Data        2065  oled_data.o(.constdata)
    Diode                                    0x0800a395   Data          32  oled_data.o(.constdata)
    Image_run                                0x0800a3b5   Data         480  oled_data.o(.constdata)
    Image_clock                              0x0800a595   Data         480  oled_data.o(.constdata)
    Image_temperature                        0x0800a775   Data         480  oled_data.o(.constdata)
    Image_heart                              0x0800a955   Data         480  oled_data.o(.constdata)
    Image_arrows                             0x0800ab35   Data          16  oled_data.o(.constdata)
    __mathlib_zero                           0x0800af50   Data           8  qnan.o(.constdata)
    Region$$Table$$Base                      0x0800b230   Number         0  anon$$obj.o(Region$$Table)
    Region$$Table$$Limit                     0x0800b250   Number         0  anon$$obj.o(Region$$Table)
    __ctype                                  0x0800b279   Data           0  lc_ctype_c.o(locale$$data)
    SystemCoreClock                          0x20000018   Data           4  system_stm32f10x.o(.data)
    AHBPrescTable                            0x2000001c   Data          16  system_stm32f10x.o(.data)
    flag_display                             0x2000002c   Data           1  watch_management.o(.data)
    watch_display_first                      0x2000002d   Data           1  watch_management.o(.data)
    watch_display_second                     0x2000002e   Data           1  watch_management.o(.data)
    watck_clock_swtich                       0x2000002f   Data           1  watch_management.o(.data)
    BMP1                                     0x20000030   Data        1024  oled_data.o(.data)
    READ_RTC_ADDR                            0x20000430   Data           7  ds1302.o(.data)
    WRITE_RTC_ADDR                           0x20000437   Data           7  ds1302.o(.data)
    TIME                                     0x2000043e   Data           7  ds1302.o(.data)
    Year                                     0x20000445   Data           1  ds1302.o(.data)
    YMD_Buff                                 0x20000446   Data          11  ds1302.o(.data)
    Time_Buff                                0x20000451   Data           9  ds1302.o(.data)
    Week                                     0x2000045a   Data           2  ds1302.o(.data)
    Temp_Buff                                0x2000045c   Data           5  ds18b20.o(.data)
    Temp_real                                0x20000464   Data           4  ds18b20.o(.data)
    g_fft_index                              0x20000468   Data           2  blood.o(.data)
    g_BloodWave                              0x2000046c   Data           8  blood.o(.data)
    g_blooddata                              0x20000474   Data           8  blood.o(.data)
    ack                                      0x2000047c   Data           1  xiic.o(.data)
    fifo_red                                 0x2000047e   Data           2  max30102.o(.data)
    fifo_ir                                  0x20000480   Data           2  max30102.o(.data)
    BUF                                      0x20000484   Data           8  adxl345.o(.data)
    ge                                       0x2000048c   Data           1  adxl345.o(.data)
    shi                                      0x2000048d   Data           1  adxl345.o(.data)
    bai                                      0x2000048e   Data           1  adxl345.o(.data)
    qian                                     0x2000048f   Data           1  adxl345.o(.data)
    wan                                      0x20000490   Data           1  adxl345.o(.data)
    err                                      0x20000491   Data           1  adxl345.o(.data)
    temp_X                                   0x20000494   Data           4  adxl345.o(.data)
    temp_Y                                   0x20000498   Data           4  adxl345.o(.data)
    temp_Z                                   0x2000049c   Data           4  adxl345.o(.data)
    lastZ                                    0x200004a0   Data           4  adxl345.o(.data)
    stepCount                                0x200004a4   Data           4  adxl345.o(.data)
    OLED_DisplayBuf                          0x200004a8   Data        1024  oled.o(.bss)
    s1                                       0x200008a8   Data        4224  blood.o(.bss)
    s2                                       0x20001928   Data        4224  blood.o(.bss)
    __libspace_start                         0x200029a8   Data          96  libspace.o(.bss)
    __temporary_stack_top$libspace           0x20002a08   Data           0  libspace.o(.bss)



==============================================================================

Memory Map of the image

  Image Entry point : 0x080000ed

  Load Region LR_IROM1 (Base: 0x08000000, Size: 0x0000b824, Max: 0x00010000, ABSOLUTE, COMPRESSED[0x0000b4c0])

    Execution Region ER_IROM1 (Exec base: 0x08000000, Load base: 0x08000000, Size: 0x0000b37c, Max: 0x00010000, ABSOLUTE)

    Exec Addr    Load Addr    Size         Type   Attr      Idx    E Section Name        Object

    0x08000000   0x08000000   0x000000ec   Data   RO           19    RESET               startup_stm32f10x_md.o
    0x080000ec   0x080000ec   0x00000008   Code   RO          801  * !!!main             c_w.l(__main.o)
    0x080000f4   0x080000f4   0x00000034   Code   RO         1262    !!!scatter          c_w.l(__scatter.o)
    0x08000128   0x08000128   0x0000005a   Code   RO         1260    !!dczerorl2         c_w.l(__dczerorl2.o)
    0x08000182   0x08000182   0x00000002   PAD
    0x08000184   0x08000184   0x0000001c   Code   RO         1264    !!handler_zi        c_w.l(__scatter_zi.o)
    0x080001a0   0x080001a0   0x00000000   Code   RO          969    .ARM.Collect$$_printf_percent$$00000000  c_w.l(_printf_percent.o)
    0x080001a0   0x080001a0   0x00000006   Code   RO          958    .ARM.Collect$$_printf_percent$$00000001  c_w.l(_printf_n.o)
    0x080001a6   0x080001a6   0x00000006   Code   RO          960    .ARM.Collect$$_printf_percent$$00000002  c_w.l(_printf_p.o)
    0x080001ac   0x080001ac   0x00000006   Code   RO          965    .ARM.Collect$$_printf_percent$$00000003  c_w.l(_printf_f.o)
    0x080001b2   0x080001b2   0x00000006   Code   RO          966    .ARM.Collect$$_printf_percent$$00000004  c_w.l(_printf_e.o)
    0x080001b8   0x080001b8   0x00000006   Code   RO          967    .ARM.Collect$$_printf_percent$$00000005  c_w.l(_printf_g.o)
    0x080001be   0x080001be   0x00000006   Code   RO          968    .ARM.Collect$$_printf_percent$$00000006  c_w.l(_printf_a.o)
    0x080001c4   0x080001c4   0x0000000a   Code   RO          973    .ARM.Collect$$_printf_percent$$00000007  c_w.l(_printf_ll.o)
    0x080001ce   0x080001ce   0x00000006   Code   RO          962    .ARM.Collect$$_printf_percent$$00000008  c_w.l(_printf_i.o)
    0x080001d4   0x080001d4   0x00000006   Code   RO          963    .ARM.Collect$$_printf_percent$$00000009  c_w.l(_printf_d.o)
    0x080001da   0x080001da   0x00000006   Code   RO          964    .ARM.Collect$$_printf_percent$$0000000A  c_w.l(_printf_u.o)
    0x080001e0   0x080001e0   0x00000006   Code   RO          961    .ARM.Collect$$_printf_percent$$0000000B  c_w.l(_printf_o.o)
    0x080001e6   0x080001e6   0x00000006   Code   RO          959    .ARM.Collect$$_printf_percent$$0000000C  c_w.l(_printf_x.o)
    0x080001ec   0x080001ec   0x00000006   Code   RO          970    .ARM.Collect$$_printf_percent$$0000000D  c_w.l(_printf_lli.o)
    0x080001f2   0x080001f2   0x00000006   Code   RO          971    .ARM.Collect$$_printf_percent$$0000000E  c_w.l(_printf_lld.o)
    0x080001f8   0x080001f8   0x00000006   Code   RO          972    .ARM.Collect$$_printf_percent$$0000000F  c_w.l(_printf_llu.o)
    0x080001fe   0x080001fe   0x00000006   Code   RO          977    .ARM.Collect$$_printf_percent$$00000010  c_w.l(_printf_llo.o)
    0x08000204   0x08000204   0x00000006   Code   RO          978    .ARM.Collect$$_printf_percent$$00000011  c_w.l(_printf_llx.o)
    0x0800020a   0x0800020a   0x0000000a   Code   RO          974    .ARM.Collect$$_printf_percent$$00000012  c_w.l(_printf_l.o)
    0x08000214   0x08000214   0x00000006   Code   RO          956    .ARM.Collect$$_printf_percent$$00000013  c_w.l(_printf_c.o)
    0x0800021a   0x0800021a   0x00000006   Code   RO          957    .ARM.Collect$$_printf_percent$$00000014  c_w.l(_printf_s.o)
    0x08000220   0x08000220   0x00000006   Code   RO          975    .ARM.Collect$$_printf_percent$$00000015  c_w.l(_printf_lc.o)
    0x08000226   0x08000226   0x00000006   Code   RO          976    .ARM.Collect$$_printf_percent$$00000016  c_w.l(_printf_ls.o)
    0x0800022c   0x0800022c   0x00000004   Code   RO         1064    .ARM.Collect$$_printf_percent$$00000017  c_w.l(_printf_percent_end.o)
    0x08000230   0x08000230   0x00000002   Code   RO         1122    .ARM.Collect$$libinit$$00000000  c_w.l(libinit.o)
    0x08000232   0x08000232   0x00000000   Code   RO         1133    .ARM.Collect$$libinit$$00000002  c_w.l(libinit2.o)
    0x08000232   0x08000232   0x00000000   Code   RO         1135    .ARM.Collect$$libinit$$00000004  c_w.l(libinit2.o)
    0x08000232   0x08000232   0x00000000   Code   RO         1138    .ARM.Collect$$libinit$$0000000A  c_w.l(libinit2.o)
    0x08000232   0x08000232   0x00000000   Code   RO         1140    .ARM.Collect$$libinit$$0000000C  c_w.l(libinit2.o)
    0x08000232   0x08000232   0x00000000   Code   RO         1142    .ARM.Collect$$libinit$$0000000E  c_w.l(libinit2.o)
    0x08000232   0x08000232   0x00000006   Code   RO         1143    .ARM.Collect$$libinit$$0000000F  c_w.l(libinit2.o)
    0x08000238   0x08000238   0x00000000   Code   RO         1145    .ARM.Collect$$libinit$$00000011  c_w.l(libinit2.o)
    0x08000238   0x08000238   0x0000000c   Code   RO         1146    .ARM.Collect$$libinit$$00000012  c_w.l(libinit2.o)
    0x08000244   0x08000244   0x00000000   Code   RO         1147    .ARM.Collect$$libinit$$00000013  c_w.l(libinit2.o)
    0x08000244   0x08000244   0x00000000   Code   RO         1149    .ARM.Collect$$libinit$$00000015  c_w.l(libinit2.o)
    0x08000244   0x08000244   0x0000000a   Code   RO         1150    .ARM.Collect$$libinit$$00000016  c_w.l(libinit2.o)
    0x0800024e   0x0800024e   0x00000000   Code   RO         1151    .ARM.Collect$$libinit$$00000017  c_w.l(libinit2.o)
    0x0800024e   0x0800024e   0x00000000   Code   RO         1153    .ARM.Collect$$libinit$$00000019  c_w.l(libinit2.o)
    0x0800024e   0x0800024e   0x00000000   Code   RO         1155    .ARM.Collect$$libinit$$0000001B  c_w.l(libinit2.o)
    0x0800024e   0x0800024e   0x00000000   Code   RO         1157    .ARM.Collect$$libinit$$0000001D  c_w.l(libinit2.o)
    0x0800024e   0x0800024e   0x00000000   Code   RO         1159    .ARM.Collect$$libinit$$0000001F  c_w.l(libinit2.o)
    0x0800024e   0x0800024e   0x00000000   Code   RO         1161    .ARM.Collect$$libinit$$00000021  c_w.l(libinit2.o)
    0x0800024e   0x0800024e   0x00000000   Code   RO         1163    .ARM.Collect$$libinit$$00000023  c_w.l(libinit2.o)
    0x0800024e   0x0800024e   0x00000000   Code   RO         1165    .ARM.Collect$$libinit$$00000025  c_w.l(libinit2.o)
    0x0800024e   0x0800024e   0x00000000   Code   RO         1169    .ARM.Collect$$libinit$$0000002C  c_w.l(libinit2.o)
    0x0800024e   0x0800024e   0x00000000   Code   RO         1171    .ARM.Collect$$libinit$$0000002E  c_w.l(libinit2.o)
    0x0800024e   0x0800024e   0x00000000   Code   RO         1173    .ARM.Collect$$libinit$$00000030  c_w.l(libinit2.o)
    0x0800024e   0x0800024e   0x00000000   Code   RO         1175    .ARM.Collect$$libinit$$00000032  c_w.l(libinit2.o)
    0x0800024e   0x0800024e   0x00000002   Code   RO         1176    .ARM.Collect$$libinit$$00000033  c_w.l(libinit2.o)
    0x08000250   0x08000250   0x00000002   Code   RO         1200    .ARM.Collect$$libshutdown$$00000000  c_w.l(libshutdown.o)
    0x08000252   0x08000252   0x00000000   Code   RO         1213    .ARM.Collect$$libshutdown$$00000002  c_w.l(libshutdown2.o)
    0x08000252   0x08000252   0x00000000   Code   RO         1215    .ARM.Collect$$libshutdown$$00000004  c_w.l(libshutdown2.o)
    0x08000252   0x08000252   0x00000000   Code   RO         1218    .ARM.Collect$$libshutdown$$00000007  c_w.l(libshutdown2.o)
    0x08000252   0x08000252   0x00000000   Code   RO         1221    .ARM.Collect$$libshutdown$$0000000A  c_w.l(libshutdown2.o)
    0x08000252   0x08000252   0x00000000   Code   RO         1223    .ARM.Collect$$libshutdown$$0000000C  c_w.l(libshutdown2.o)
    0x08000252   0x08000252   0x00000000   Code   RO         1226    .ARM.Collect$$libshutdown$$0000000F  c_w.l(libshutdown2.o)
    0x08000252   0x08000252   0x00000002   Code   RO         1227    .ARM.Collect$$libshutdown$$00000010  c_w.l(libshutdown2.o)
    0x08000254   0x08000254   0x00000000   Code   RO          883    .ARM.Collect$$rtentry$$00000000  c_w.l(__rtentry.o)
    0x08000254   0x08000254   0x00000000   Code   RO         1030    .ARM.Collect$$rtentry$$00000002  c_w.l(__rtentry2.o)
    0x08000254   0x08000254   0x00000006   Code   RO         1042    .ARM.Collect$$rtentry$$00000004  c_w.l(__rtentry4.o)
    0x0800025a   0x0800025a   0x00000000   Code   RO         1032    .ARM.Collect$$rtentry$$00000009  c_w.l(__rtentry2.o)
    0x0800025a   0x0800025a   0x00000004   Code   RO         1033    .ARM.Collect$$rtentry$$0000000A  c_w.l(__rtentry2.o)
    0x0800025e   0x0800025e   0x00000000   Code   RO         1035    .ARM.Collect$$rtentry$$0000000C  c_w.l(__rtentry2.o)
    0x0800025e   0x0800025e   0x00000008   Code   RO         1036    .ARM.Collect$$rtentry$$0000000D  c_w.l(__rtentry2.o)
    0x08000266   0x08000266   0x00000002   Code   RO         1127    .ARM.Collect$$rtexit$$00000000  c_w.l(rtexit.o)
    0x08000268   0x08000268   0x00000000   Code   RO         1180    .ARM.Collect$$rtexit$$00000002  c_w.l(rtexit2.o)
    0x08000268   0x08000268   0x00000004   Code   RO         1181    .ARM.Collect$$rtexit$$00000003  c_w.l(rtexit2.o)
    0x0800026c   0x0800026c   0x00000006   Code   RO         1182    .ARM.Collect$$rtexit$$00000004  c_w.l(rtexit2.o)
    0x08000272   0x08000272   0x00000002   PAD
    0x08000274   0x08000274   0x00000040   Code   RO           20    .text               startup_stm32f10x_md.o
    0x080002b4   0x080002b4   0x000000dc   Code   RO           24    .text               misc.o
    0x08000390   0x08000390   0x0000035c   Code   RO          251    .text               stm32f10x_gpio.o
    0x080006ec   0x080006ec   0x000003a4   Code   RO          299    .text               stm32f10x_rcc.o
    0x08000a90   0x08000a90   0x00000e1a   Code   RO          349    .text               stm32f10x_tim.o
    0x080018aa   0x080018aa   0x00000002   PAD
    0x080018ac   0x080018ac   0x00000408   Code   RO          361    .text               stm32f10x_usart.o
    0x08001cb4   0x08001cb4   0x000000d4   Code   RO          385    .text               delay.o
    0x08001d88   0x08001d88   0x000001e8   Code   RO          424    .text               usart.o
    0x08001f70   0x08001f70   0x0000003c   Code   RO          449    .text               key.o
    0x08001fac   0x08001fac   0x00000080   Code   RO          464    .text               time.o
    0x0800202c   0x0800202c   0x00000068   Code   RO          476    .text               main.o
    0x08002094   0x08002094   0x0000001c   Code   RO          567    .text               stm32f10x_it.o
    0x080020b0   0x080020b0   0x000001e0   Code   RO          583    .text               system_stm32f10x.o
    0x08002290   0x08002290   0x00000844   Code   RO          601    .text               watch_display.o
    0x08002ad4   0x08002ad4   0x00000550   Code   RO          620    .text               watch_management.o
    0x08003024   0x08003024   0x00001472   Code   RO          638    .text               oled.o
    0x08004496   0x08004496   0x00000002   PAD
    0x08004498   0x08004498   0x000003bc   Code   RO          666    .text               ds1302.o
    0x08004854   0x08004854   0x000002bc   Code   RO          684    .text               ds18b20.o
    0x08004b10   0x08004b10   0x000006fc   Code   RO          702    .text               blood.o
    0x0800520c   0x0800520c   0x00000358   Code   RO          723    .text               xiic.o
    0x08005564   0x08005564   0x00000178   Code   RO          741    .text               max30102.o
    0x080056dc   0x080056dc   0x000005f0   Code   RO          759    .text               algorithm.o
    0x08005ccc   0x08005ccc   0x000003c4   Code   RO          773    .text               adxl345.o
    0x08006090   0x08006090   0x00000024   Code   RO          793    .text               c_w.l(vsprintf.o)
    0x080060b4   0x080060b4   0x00000034   Code   RO          795    .text               c_w.l(vsnprintf.o)
    0x080060e8   0x080060e8   0x00000080   Code   RO          797    .text               c_w.l(strcmpv7m.o)
    0x08006168   0x08006168   0x00000006   Code   RO          799    .text               c_w.l(heapauxi.o)
    0x0800616e   0x0800616e   0x00000016   Code   RO          884    .text               c_w.l(_rserrno.o)
    0x08006184   0x08006184   0x0000004e   Code   RO          888    .text               c_w.l(_printf_pad.o)
    0x080061d2   0x080061d2   0x00000024   Code   RO          890    .text               c_w.l(_printf_truncate.o)
    0x080061f6   0x080061f6   0x00000052   Code   RO          892    .text               c_w.l(_printf_str.o)
    0x08006248   0x08006248   0x00000078   Code   RO          894    .text               c_w.l(_printf_dec.o)
    0x080062c0   0x080062c0   0x00000028   Code   RO          896    .text               c_w.l(_printf_charcount.o)
    0x080062e8   0x080062e8   0x00000030   Code   RO          898    .text               c_w.l(_printf_char_common.o)
    0x08006318   0x08006318   0x0000000a   Code   RO          900    .text               c_w.l(_sputc.o)
    0x08006322   0x08006322   0x00000010   Code   RO          902    .text               c_w.l(_snputc.o)
    0x08006332   0x08006332   0x00000002   PAD
    0x08006334   0x08006334   0x000000bc   Code   RO          904    .text               c_w.l(_printf_wctomb.o)
    0x080063f0   0x080063f0   0x0000007c   Code   RO          907    .text               c_w.l(_printf_longlong_dec.o)
    0x0800646c   0x0800646c   0x00000070   Code   RO          913    .text               c_w.l(_printf_oct_int_ll.o)
    0x080064dc   0x080064dc   0x00000094   Code   RO          933    .text               c_w.l(_printf_hex_int_ll_ptr.o)
    0x08006570   0x08006570   0x00000188   Code   RO          953    .text               c_w.l(__printf_flags_ss_wp.o)
    0x080066f8   0x080066f8   0x00000008   Code   RO         1047    .text               c_w.l(rt_errno_addr_intlibspace.o)
    0x08006700   0x08006700   0x0000008a   Code   RO         1049    .text               c_w.l(lludiv10.o)
    0x0800678a   0x0800678a   0x000000b2   Code   RO         1051    .text               c_w.l(_printf_intcommon.o)
    0x0800683c   0x0800683c   0x0000041e   Code   RO         1053    .text               c_w.l(_printf_fp_dec.o)
    0x08006c5a   0x08006c5a   0x00000002   PAD
    0x08006c5c   0x08006c5c   0x000002fc   Code   RO         1055    .text               c_w.l(_printf_fp_hex.o)
    0x08006f58   0x08006f58   0x0000002c   Code   RO         1060    .text               c_w.l(_printf_char.o)
    0x08006f84   0x08006f84   0x0000002c   Code   RO         1062    .text               c_w.l(_printf_wchar.o)
    0x08006fb0   0x08006fb0   0x00000040   Code   RO         1065    .text               c_w.l(_wcrtomb.o)
    0x08006ff0   0x08006ff0   0x00000008   Code   RO         1073    .text               c_w.l(libspace.o)
    0x08006ff8   0x08006ff8   0x0000004a   Code   RO         1076    .text               c_w.l(sys_stackheap_outer.o)
    0x08007042   0x08007042   0x00000002   PAD
    0x08007044   0x08007044   0x00000010   Code   RO         1078    .text               c_w.l(rt_ctype_table.o)
    0x08007054   0x08007054   0x00000008   Code   RO         1083    .text               c_w.l(rt_locale_intlibspace.o)
    0x0800705c   0x0800705c   0x00000080   Code   RO         1085    .text               c_w.l(_printf_fp_infnan.o)
    0x080070dc   0x080070dc   0x000000e4   Code   RO         1087    .text               c_w.l(bigflt0.o)
    0x080071c0   0x080071c0   0x00000012   Code   RO         1115    .text               c_w.l(exit.o)
    0x080071d2   0x080071d2   0x00000002   PAD
    0x080071d4   0x080071d4   0x0000000c   Code   RO         1192    .text               c_w.l(sys_exit.o)
    0x080071e0   0x080071e0   0x00000002   Code   RO         1203    .text               c_w.l(use_no_semi.o)
    0x080071e2   0x080071e2   0x00000000   Code   RO         1205    .text               c_w.l(indicate_semi.o)
    0x080071e2   0x080071e2   0x0000003e   Code   RO         1090    CL$$btod_d2e        c_w.l(btod.o)
    0x08007220   0x08007220   0x00000046   Code   RO         1092    CL$$btod_d2e_denorm_low  c_w.l(btod.o)
    0x08007266   0x08007266   0x00000060   Code   RO         1091    CL$$btod_d2e_norm_op1  c_w.l(btod.o)
    0x080072c6   0x080072c6   0x00000338   Code   RO         1100    CL$$btod_div_common  c_w.l(btod.o)
    0x080075fe   0x080075fe   0x000000dc   Code   RO         1097    CL$$btod_e2e        c_w.l(btod.o)
    0x080076da   0x080076da   0x0000002a   Code   RO         1094    CL$$btod_ediv       c_w.l(btod.o)
    0x08007704   0x08007704   0x0000002a   Code   RO         1093    CL$$btod_emul       c_w.l(btod.o)
    0x0800772e   0x0800772e   0x00000244   Code   RO         1099    CL$$btod_mult_common  c_w.l(btod.o)
    0x08007972   0x08007972   0x00000028   Code   RO         1069    i.__ARM_fpclassify  m_ws.l(fpclassify.o)
    0x0800799a   0x0800799a   0x000000aa   Code   RO         1071    i.__kernel_poly     m_ws.l(poly.o)
    0x08007a44   0x08007a44   0x00000006   Code   RO         1015    i.__mathlib_dbl_infnan  m_ws.l(dunder.o)
    0x08007a4a   0x08007a4a   0x00000004   Code   RO         1016    i.__mathlib_dbl_infnan2  m_ws.l(dunder.o)
    0x08007a4e   0x08007a4e   0x00000002   PAD
    0x08007a50   0x08007a50   0x00000010   Code   RO         1020    i.__mathlib_dbl_underflow  m_ws.l(dunder.o)
    0x08007a60   0x08007a60   0x0000000e   Code   RO          946    i._is_digit         c_w.l(__printf_wp.o)
    0x08007a6e   0x08007a6e   0x00000002   PAD
    0x08007a70   0x08007a70   0x00000220   Code   RO         1005    i.atan              m_ws.l(atan.o)
    0x08007c90   0x08007c90   0x00000180   Code   RO          866    i.atan2             m_ws.l(atan2.o)
    0x08007e10   0x08007e10   0x00000094   Code   RO          873    i.round             m_ws.l(round.o)
    0x08007ea4   0x08007ea4   0x0000002c   Code   RO          876    i.sqrtf             m_ws.l(sqrtf.o)
    0x08007ed0   0x08007ed0   0x0000002c   Code   RO         1113    locale$$code        c_w.l(lc_numeric_c.o)
    0x08007efc   0x08007efc   0x0000002c   Code   RO         1130    locale$$code        c_w.l(lc_ctype_c.o)
    0x08007f28   0x08007f28   0x00000062   Code   RO          803    x$fpl$d2f           fz_ws.l(d2f.o)
    0x08007f8a   0x08007f8a   0x00000002   PAD
    0x08007f8c   0x08007f8c   0x00000150   Code   RO          805    x$fpl$dadd          fz_ws.l(daddsub_clz.o)
    0x080080dc   0x080080dc   0x00000010   Code   RO         1123    x$fpl$dcheck1       fz_ws.l(dcheck1.o)
    0x080080ec   0x080080ec   0x00000018   Code   RO          979    x$fpl$dcmpinf       fz_ws.l(dcmpi.o)
    0x08008104   0x08008104   0x000002b0   Code   RO          812    x$fpl$ddiv          fz_ws.l(ddiv.o)
    0x080083b4   0x080083b4   0x00000078   Code   RO          815    x$fpl$deqf          fz_ws.l(deqf.o)
    0x0800842c   0x0800842c   0x0000005e   Code   RO          817    x$fpl$dfix          fz_ws.l(dfix.o)
    0x0800848a   0x0800848a   0x00000002   PAD
    0x0800848c   0x0800848c   0x0000005a   Code   RO          821    x$fpl$dfixu         fz_ws.l(dfixu.o)
    0x080084e6   0x080084e6   0x0000002e   Code   RO          826    x$fpl$dflt          fz_ws.l(dflt_clz.o)
    0x08008514   0x08008514   0x00000026   Code   RO          825    x$fpl$dfltu         fz_ws.l(dflt_clz.o)
    0x0800853a   0x0800853a   0x00000002   PAD
    0x0800853c   0x0800853c   0x00000078   Code   RO          831    x$fpl$dleqf         fz_ws.l(dleqf.o)
    0x080085b4   0x080085b4   0x00000154   Code   RO          833    x$fpl$dmul          fz_ws.l(dmul.o)
    0x08008708   0x08008708   0x0000009c   Code   RO          981    x$fpl$dnaninf       fz_ws.l(dnaninf.o)
    0x080087a4   0x080087a4   0x0000000c   Code   RO          983    x$fpl$dretinf       fz_ws.l(dretinf.o)
    0x080087b0   0x080087b0   0x0000006c   Code   RO          835    x$fpl$drleqf        fz_ws.l(drleqf.o)
    0x0800881c   0x0800881c   0x000000b4   Code   RO          985    x$fpl$drnd          fz_ws.l(drnd.o)
    0x080088d0   0x080088d0   0x00000016   Code   RO          806    x$fpl$drsb          fz_ws.l(daddsub_clz.o)
    0x080088e6   0x080088e6   0x00000002   PAD
    0x080088e8   0x080088e8   0x000001d4   Code   RO          807    x$fpl$dsub          fz_ws.l(daddsub_clz.o)
    0x08008abc   0x08008abc   0x00000056   Code   RO          837    x$fpl$f2d           fz_ws.l(f2d.o)
    0x08008b12   0x08008b12   0x00000002   PAD
    0x08008b14   0x08008b14   0x000000c4   Code   RO          839    x$fpl$fadd          fz_ws.l(faddsub_clz.o)
    0x08008bd8   0x08008bd8   0x00000018   Code   RO          987    x$fpl$fcmpinf       fz_ws.l(fcmpi.o)
    0x08008bf0   0x08008bf0   0x00000184   Code   RO          846    x$fpl$fdiv          fz_ws.l(fdiv.o)
    0x08008d74   0x08008d74   0x00000036   Code   RO          849    x$fpl$ffix          fz_ws.l(ffix.o)
    0x08008daa   0x08008daa   0x00000002   PAD
    0x08008dac   0x08008dac   0x00000030   Code   RO          854    x$fpl$fflt          fz_ws.l(fflt_clz.o)
    0x08008ddc   0x08008ddc   0x00000026   Code   RO          853    x$fpl$ffltu         fz_ws.l(fflt_clz.o)
    0x08008e02   0x08008e02   0x00000002   PAD
    0x08008e04   0x08008e04   0x00000068   Code   RO          859    x$fpl$fleqf         fz_ws.l(fleqf.o)
    0x08008e6c   0x08008e6c   0x00000102   Code   RO          861    x$fpl$fmul          fz_ws.l(fmul.o)
    0x08008f6e   0x08008f6e   0x0000008c   Code   RO          989    x$fpl$fnaninf       fz_ws.l(fnaninf.o)
    0x08008ffa   0x08008ffa   0x0000000a   Code   RO          991    x$fpl$fretinf       fz_ws.l(fretinf.o)
    0x08009004   0x08009004   0x00000062   Code   RO          863    x$fpl$frleqf        fz_ws.l(frleqf.o)
    0x08009066   0x08009066   0x00000002   PAD
    0x08009068   0x08009068   0x00000110   Code   RO          993    x$fpl$fsqrt         fz_ws.l(fsqrt.o)
    0x08009178   0x08009178   0x000000ea   Code   RO          841    x$fpl$fsub          fz_ws.l(faddsub_clz.o)
    0x08009262   0x08009262   0x00000004   Code   RO          995    x$fpl$printf1       fz_ws.l(printf1.o)
    0x08009266   0x08009266   0x00000004   Code   RO          997    x$fpl$printf2       fz_ws.l(printf2.o)
    0x0800926a   0x0800926a   0x00000064   Code   RO         1177    x$fpl$retnan        fz_ws.l(retnan.o)
    0x080092ce   0x080092ce   0x0000005c   Code   RO         1067    x$fpl$scalbn        fz_ws.l(scalbn.o)
    0x0800932a   0x0800932a   0x00000030   Code   RO         1190    x$fpl$trapveneer    fz_ws.l(trapv.o)
    0x0800935a   0x0800935a   0x00000000   Code   RO         1003    x$fpl$usenofp       fz_ws.l(usenofp.o)
    0x0800935a   0x0800935a   0x000017eb   Data   RO          653    .constdata          oled_data.o
    0x0800ab45   0x0800ab45   0x00000003   PAD
    0x0800ab48   0x0800ab48   0x00000328   Data   RO          760    .constdata          algorithm.o
    0x0800ae70   0x0800ae70   0x00000008   Data   RO          905    .constdata          c_w.l(_printf_wctomb.o)
    0x0800ae78   0x0800ae78   0x00000028   Data   RO          934    .constdata          c_w.l(_printf_hex_int_ll_ptr.o)
    0x0800aea0   0x0800aea0   0x00000011   Data   RO          954    .constdata          c_w.l(__printf_flags_ss_wp.o)
    0x0800aeb1   0x0800aeb1   0x00000007   PAD
    0x0800aeb8   0x0800aeb8   0x00000098   Data   RO         1006    .constdata          m_ws.l(atan.o)
    0x0800af50   0x0800af50   0x00000008   Data   RO         1028    .constdata          m_ws.l(qnan.o)
    0x0800af58   0x0800af58   0x00000026   Data   RO         1056    .constdata          c_w.l(_printf_fp_hex.o)
    0x0800af7e   0x0800af7e   0x00000002   PAD
    0x0800af80   0x0800af80   0x00000094   Data   RO         1088    .constdata          c_w.l(bigflt0.o)
    0x0800b014   0x0800b014   0x0000021a   Data   RO          704    .conststring        blood.o
    0x0800b22e   0x0800b22e   0x00000002   PAD
    0x0800b230   0x0800b230   0x00000020   Data   RO         1258    Region$$Table       anon$$obj.o
    0x0800b250   0x0800b250   0x0000001c   Data   RO         1112    locale$$data        c_w.l(lc_numeric_c.o)
    0x0800b26c   0x0800b26c   0x00000110   Data   RO         1129    locale$$data        c_w.l(lc_ctype_c.o)


    Execution Region RW_IRAM1 (Exec base: 0x20000000, Load base: 0x0800b37c, Size: 0x00003008, Max: 0x00005000, ABSOLUTE, COMPRESSED[0x00000144])

    Exec Addr    Load Addr    Size         Type   Attr      Idx    E Section Name        Object

    0x20000000   COMPRESSED   0x00000014   Data   RW          300    .data               stm32f10x_rcc.o
    0x20000014   COMPRESSED   0x00000004   Data   RW          386    .data               delay.o
    0x20000018   COMPRESSED   0x00000014   Data   RW          584    .data               system_stm32f10x.o
    0x2000002c   COMPRESSED   0x00000004   Data   RW          621    .data               watch_management.o
    0x20000030   COMPRESSED   0x00000400   Data   RW          654    .data               oled_data.o
    0x20000430   COMPRESSED   0x0000002c   Data   RW          667    .data               ds1302.o
    0x2000045c   COMPRESSED   0x0000000c   Data   RW          685    .data               ds18b20.o
    0x20000468   COMPRESSED   0x00000014   Data   RW          705    .data               blood.o
    0x2000047c   COMPRESSED   0x00000001   Data   RW          724    .data               xiic.o
    0x2000047d   COMPRESSED   0x00000001   PAD
    0x2000047e   COMPRESSED   0x00000004   Data   RW          742    .data               max30102.o
    0x20000482   COMPRESSED   0x00000002   PAD
    0x20000484   COMPRESSED   0x00000024   Data   RW          774    .data               adxl345.o
    0x200004a8        -       0x00000400   Zero   RW          639    .bss                oled.o
    0x200008a8        -       0x00002100   Zero   RW          703    .bss                blood.o
    0x200029a8        -       0x00000060   Zero   RW         1074    .bss                c_w.l(libspace.o)
    0x20002a08        -       0x00000200   Zero   RW           18    HEAP                startup_stm32f10x_md.o
    0x20002c08        -       0x00000400   Zero   RW           17    STACK               startup_stm32f10x_md.o


==============================================================================

Image component sizes


      Code (inc. data)   RO Data    RW Data    ZI Data      Debug   Object Name

       964         38          0         36          0       4677   adxl345.o
      1520         62        808          0          0       4301   algorithm.o
      1788        228        538         20       8448       2240   blood.o
         0          0          0          0          0       4556   core_cm3.o
       212         18          0          4          0        999   delay.o
       956         32          0         44          0       2869   ds1302.o
       700         26          0         12          0       3181   ds18b20.o
        60          4          0          0          0        668   key.o
       104          4          0          0          0       1587   main.o
       376         12          0          4          0       1385   max30102.o
       220         22          0          0          0     248521   misc.o
      5234         52          0          0       1024      15524   oled.o
         0          0       6123       1024          0       1412   oled_data.o
        64         26        236          0       1536        780   startup_stm32f10x_md.o
       860         38          0          0          0       5689   stm32f10x_gpio.o
        28          0          0          0          0       1259   stm32f10x_it.o
       932         36          0         20          0       8848   stm32f10x_rcc.o
      3610         88          0          0          0      22800   stm32f10x_tim.o
      1032         22          0          0          0       8416   stm32f10x_usart.o
       480         38          0         20          0       1671   system_stm32f10x.o
       128          0          0          0          0        545   time.o
       488         14          0          0          0       2925   usart.o
      2116        342          0          0          0       3391   watch_display.o
      1360         40          0          4          0       1907   watch_management.o
       856          8          0          1          0       3890   xiic.o

    ----------------------------------------------------------------------
     24092       1150       7742       1192      11008     354041   Object Totals
         0          0         32          0          0          0   (incl. Generated)
         4          0          5          3          0          0   (incl. Padding)

    ----------------------------------------------------------------------

      Code (inc. data)   RO Data    RW Data    ZI Data      Debug   Library Member Name

        90          0          0          0          0          0   __dczerorl2.o
         8          0          0          0          0         68   __main.o
       392          4         17          0          0         92   __printf_flags_ss_wp.o
        14          0          0          0          0         68   __printf_wp.o
         0          0          0          0          0          0   __rtentry.o
        12          0          0          0          0          0   __rtentry2.o
         6          0          0          0          0          0   __rtentry4.o
        52          8          0          0          0          0   __scatter.o
        28          0          0          0          0          0   __scatter_zi.o
         6          0          0          0          0          0   _printf_a.o
         6          0          0          0          0          0   _printf_c.o
        44          0          0          0          0        108   _printf_char.o
        48          6          0          0          0         96   _printf_char_common.o
        40          0          0          0          0         68   _printf_charcount.o
         6          0          0          0          0          0   _printf_d.o
       120         16          0          0          0         92   _printf_dec.o
         6          0          0          0          0          0   _printf_e.o
         6          0          0          0          0          0   _printf_f.o
      1054          0          0          0          0        216   _printf_fp_dec.o
       764          8         38          0          0        100   _printf_fp_hex.o
       128         16          0          0          0         84   _printf_fp_infnan.o
         6          0          0          0          0          0   _printf_g.o
       148          4         40          0          0        160   _printf_hex_int_ll_ptr.o
         6          0          0          0          0          0   _printf_i.o
       178          0          0          0          0         88   _printf_intcommon.o
        10          0          0          0          0          0   _printf_l.o
         6          0          0          0          0          0   _printf_lc.o
        10          0          0          0          0          0   _printf_ll.o
         6          0          0          0          0          0   _printf_lld.o
         6          0          0          0          0          0   _printf_lli.o
         6          0          0          0          0          0   _printf_llo.o
         6          0          0          0          0          0   _printf_llu.o
         6          0          0          0          0          0   _printf_llx.o
       124         16          0          0          0         92   _printf_longlong_dec.o
         6          0          0          0          0          0   _printf_ls.o
         6          0          0          0          0          0   _printf_n.o
         6          0          0          0          0          0   _printf_o.o
       112         10          0          0          0        124   _printf_oct_int_ll.o
         6          0          0          0          0          0   _printf_p.o
        78          0          0          0          0        108   _printf_pad.o
         0          0          0          0          0          0   _printf_percent.o
         4          0          0          0          0          0   _printf_percent_end.o
         6          0          0          0          0          0   _printf_s.o
        82          0          0          0          0         80   _printf_str.o
        36          0          0          0          0         84   _printf_truncate.o
         6          0          0          0          0          0   _printf_u.o
        44          0          0          0          0        108   _printf_wchar.o
       188          6          8          0          0         92   _printf_wctomb.o
         6          0          0          0          0          0   _printf_x.o
        22          0          0          0          0        100   _rserrno.o
        16          0          0          0          0         68   _snputc.o
        10          0          0          0          0         68   _sputc.o
        64          0          0          0          0         92   _wcrtomb.o
       228          4        148          0          0         96   bigflt0.o
      1936        128          0          0          0        672   btod.o
        18          0          0          0          0         80   exit.o
         6          0          0          0          0        152   heapauxi.o
         0          0          0          0          0          0   indicate_semi.o
        44         10        272          0          0         76   lc_ctype_c.o
        44         10         28          0          0         76   lc_numeric_c.o
         2          0          0          0          0          0   libinit.o
        30          0          0          0          0          0   libinit2.o
         2          0          0          0          0          0   libshutdown.o
         2          0          0          0          0          0   libshutdown2.o
         8          4          0          0         96         68   libspace.o
       138          0          0          0          0         80   lludiv10.o
        16          4          0          0          0         76   rt_ctype_table.o
         8          4          0          0          0         68   rt_errno_addr_intlibspace.o
         8          4          0          0          0         68   rt_locale_intlibspace.o
         2          0          0          0          0          0   rtexit.o
        10          0          0          0          0          0   rtexit2.o
       128          0          0          0          0         68   strcmpv7m.o
        12          4          0          0          0         68   sys_exit.o
        74          0          0          0          0         80   sys_stackheap_outer.o
         2          0          0          0          0         68   use_no_semi.o
        52          4          0          0          0         80   vsnprintf.o
        36          4          0          0          0         76   vsprintf.o
        98          4          0          0          0         92   d2f.o
       826         16          0          0          0        348   daddsub_clz.o
        16          4          0          0          0         68   dcheck1.o
        24          0          0          0          0         68   dcmpi.o
       688        140          0          0          0        208   ddiv.o
       120          4          0          0          0         92   deqf.o
        94          4          0          0          0         92   dfix.o
        90          4          0          0          0         92   dfixu.o
        84          0          0          0          0        136   dflt_clz.o
       120          4          0          0          0         92   dleqf.o
       340         12          0          0          0        104   dmul.o
       156          4          0          0          0         92   dnaninf.o
        12          0          0          0          0         68   dretinf.o
       108          0          0          0          0         80   drleqf.o
       180          4          0          0          0         80   drnd.o
        86          4          0          0          0         84   f2d.o
       430          8          0          0          0        168   faddsub_clz.o
        24          0          0          0          0         68   fcmpi.o
       388         76          0          0          0         96   fdiv.o
        54          4          0          0          0         84   ffix.o
        86          0          0          0          0        136   fflt_clz.o
       104          4          0          0          0         84   fleqf.o
       258          4          0          0          0         84   fmul.o
       140          4          0          0          0         84   fnaninf.o
        10          0          0          0          0         68   fretinf.o
        98          0          0          0          0         68   frleqf.o
       272        100          0          0          0         88   fsqrt.o
         4          0          0          0          0         68   printf1.o
         4          0          0          0          0         68   printf2.o
       100          0          0          0          0         68   retnan.o
        92          0          0          0          0         68   scalbn.o
        48          0          0          0          0         68   trapv.o
         0          0          0          0          0          0   usenofp.o
       544         70        152          0          0        124   atan.o
       384         38          0          0          0        144   atan2.o
        26          6          0          0          0        204   dunder.o
        40          0          0          0          0         68   fpclassify.o
       170          0          0          0          0         96   poly.o
         0          0          8          0          0          0   qnan.o
       148         12          0          0          0         88   round.o
        44          0          0          0          0         80   sqrtf.o

    ----------------------------------------------------------------------
     13394        804        720          0         96       8176   Library Totals
        32          0          9          0          0          0   (incl. Padding)

    ----------------------------------------------------------------------

      Code (inc. data)   RO Data    RW Data    ZI Data      Debug   Library Name

      6852        274        551          0         96       4208   c_w.l
      5154        404          0          0          0       3164   fz_ws.l
      1356        126        160          0          0        804   m_ws.l

    ----------------------------------------------------------------------
     13394        804        720          0         96       8176   Library Totals

    ----------------------------------------------------------------------

==============================================================================


      Code (inc. data)   RO Data    RW Data    ZI Data      Debug   

     37486       1954       8462       1192      11104     356025   Grand Totals
     37486       1954       8462        324      11104     356025   ELF Image Totals (compressed)
     37486       1954       8462        324          0          0   ROM Totals

==============================================================================

    Total RO  Size (Code + RO Data)                45948 (  44.87kB)
    Total RW  Size (RW Data + ZI Data)             12296 (  12.01kB)
    Total ROM Size (Code + RO Data + RW Data)      46272 (  45.19kB)

==============================================================================

